[     128ms] [ERROR] Failed to load resource: the server responded with a status of 501 (Not Implemented) @ http://localhost:8787/api/adapters:0
[     166ms] [ERROR] Failed to load resource: the server responded with a status of 501 (Not Implemented) @ http://localhost:8787/api/companies/9a7cf1f3-02a7-4751-9cdb-671c9c68edb5/skills:0
[     192ms] [ERROR] Failed to load resource: the server responded with a status of 501 (Not Implemented) @ http://localhost:8787/api/plugins/ui-contributions:0
[     206ms] [ERROR] WebSocket connection to 'ws://localhost:8787/api/companies/9a7cf1f3-02a7-4751-9cdb-671c9c68edb5/events/ws' failed: Error during WebSocket handshake: Unexpected response code: 501 @ http://localhost:8787/assets/index-D28lQfO3.js:508
[     232ms] [ERROR] Failed to load resource: the server responded with a status of 501 (Not Implemented) @ http://localhost:8787/api/companies/9a7cf1f3-02a7-4751-9cdb-671c9c68edb5/join-requests?status=pending_approval:0
[     284ms] [ERROR] Failed to load resource: the server responded with a status of 501 (Not Implemented) @ http://localhost:8787/api/companies/9a7cf1f3-02a7-4751-9cdb-671c9c68edb5/user-directory:0
[    1135ms] [ERROR] Failed to load resource: the server responded with a status of 501 (Not Implemented) @ http://localhost:8787/api/adapters:0
[    1188ms] [ERROR] Failed to load resource: the server responded with a status of 501 (Not Implemented) @ http://localhost:8787/api/companies/9a7cf1f3-02a7-4751-9cdb-671c9c68edb5/skills:0
[    1199ms] [ERROR] Failed to load resource: the server responded with a status of 501 (Not Implemented) @ http://localhost:8787/api/plugins/ui-contributions:0
[    1212ms] [ERROR] WebSocket connection to 'ws://localhost:8787/api/companies/9a7cf1f3-02a7-4751-9cdb-671c9c68edb5/events/ws' failed: Error during WebSocket handshake: Unexpected response code: 501 @ http://localhost:8787/assets/index-D28lQfO3.js:508
[    1289ms] [ERROR] Failed to load resource: the server responded with a status of 501 (Not Implemented) @ http://localhost:8787/api/companies/9a7cf1f3-02a7-4751-9cdb-671c9c68edb5/user-directory:0
[    3141ms] [ERROR] Failed to load resource: the server responded with a status of 501 (Not Implemented) @ http://localhost:8787/api/adapters:0
[    3193ms] [ERROR] Failed to load resource: the server responded with a status of 501 (Not Implemented) @ http://localhost:8787/api/companies/9a7cf1f3-02a7-4751-9cdb-671c9c68edb5/skills:0
[    3203ms] [ERROR] Failed to load resource: the server responded with a status of 501 (Not Implemented) @ http://localhost:8787/api/plugins/ui-contributions:0
[    3216ms] [ERROR] WebSocket connection to 'ws://localhost:8787/api/companies/9a7cf1f3-02a7-4751-9cdb-671c9c68edb5/events/ws' failed: Error during WebSocket handshake: Unexpected response code: 501 @ http://localhost:8787/assets/index-D28lQfO3.js:508
[    3296ms] [ERROR] Failed to load resource: the server responded with a status of 501 (Not Implemented) @ http://localhost:8787/api/companies/9a7cf1f3-02a7-4751-9cdb-671c9c68edb5/user-directory:0
[    7148ms] [ERROR] Failed to load resource: the server responded with a status of 501 (Not Implemented) @ http://localhost:8787/api/adapters:0
[    7200ms] [ERROR] Failed to load resource: the server responded with a status of 501 (Not Implemented) @ http://localhost:8787/api/companies/9a7cf1f3-02a7-4751-9cdb-671c9c68edb5/skills:0
[    7207ms] [ERROR] Failed to load resource: the server responded with a status of 501 (Not Implemented) @ http://localhost:8787/api/plugins/ui-contributions:0
[    7220ms] [ERROR] WebSocket connection to 'ws://localhost:8787/api/companies/9a7cf1f3-02a7-4751-9cdb-671c9c68edb5/events/ws' failed: Error during WebSocket handshake: Unexpected response code: 501 @ http://localhost:8787/assets/index-D28lQfO3.js:508
[    7301ms] [ERROR] Failed to load resource: the server responded with a status of 501 (Not Implemented) @ http://localhost:8787/api/companies/9a7cf1f3-02a7-4751-9cdb-671c9c68edb5/user-directory:0
