[     272ms] [ERROR] Failed to load resource: the server responded with a status of 501 (Not Implemented) @ http://localhost:8787/api/adapters:0
[     273ms] [ERROR] Failed to load resource: the server responded with a status of 501 (Not Implemented) @ http://localhost:8787/api/auth/get-session:0
[     329ms] [ERROR] Failed to load resource: the server responded with a status of 501 (Not Implemented) @ http://localhost:8787/api/companies/9a7cf1f3-02a7-4751-9cdb-671c9c68edb5/skills:0
[     432ms] [ERROR] Failed to load resource: the server responded with a status of 501 (Not Implemented) @ http://localhost:8787/api/auth/get-session:0
[     432ms] [ERROR] Failed to load resource: the server responded with a status of 501 (Not Implemented) @ http://localhost:8787/api/plugins/ui-contributions:0
[     472ms] [ERROR] Failed to load resource: the server responded with a status of 501 (Not Implemented) @ http://localhost:8787/api/companies/9a7cf1f3-02a7-4751-9cdb-671c9c68edb5/join-requests?status=pending_approval:0
[     532ms] [ERROR] Failed to load resource: the server responded with a status of 501 (Not Implemented) @ http://localhost:8787/api/companies/9a7cf1f3-02a7-4751-9cdb-671c9c68edb5/user-directory:0
[    1283ms] [ERROR] Failed to load resource: the server responded with a status of 501 (Not Implemented) @ http://localhost:8787/api/adapters:0
[    1353ms] [ERROR] Failed to load resource: the server responded with a status of 501 (Not Implemented) @ http://localhost:8787/api/companies/9a7cf1f3-02a7-4751-9cdb-671c9c68edb5/skills:0
[    1439ms] [ERROR] Failed to load resource: the server responded with a status of 501 (Not Implemented) @ http://localhost:8787/api/auth/get-session:0
[    1441ms] [ERROR] Failed to load resource: the server responded with a status of 501 (Not Implemented) @ http://localhost:8787/api/plugins/ui-contributions:0
[    1538ms] [ERROR] Failed to load resource: the server responded with a status of 501 (Not Implemented) @ http://localhost:8787/api/companies/9a7cf1f3-02a7-4751-9cdb-671c9c68edb5/user-directory:0
[    3289ms] [ERROR] Failed to load resource: the server responded with a status of 501 (Not Implemented) @ http://localhost:8787/api/adapters:0
[    3359ms] [ERROR] Failed to load resource: the server responded with a status of 501 (Not Implemented) @ http://localhost:8787/api/companies/9a7cf1f3-02a7-4751-9cdb-671c9c68edb5/skills:0
[    3446ms] [ERROR] Failed to load resource: the server responded with a status of 501 (Not Implemented) @ http://localhost:8787/api/auth/get-session:0
[    3451ms] [ERROR] Failed to load resource: the server responded with a status of 501 (Not Implemented) @ http://localhost:8787/api/plugins/ui-contributions:0
[    3542ms] [ERROR] Failed to load resource: the server responded with a status of 501 (Not Implemented) @ http://localhost:8787/api/companies/9a7cf1f3-02a7-4751-9cdb-671c9c68edb5/user-directory:0
[    7296ms] [ERROR] Failed to load resource: the server responded with a status of 501 (Not Implemented) @ http://localhost:8787/api/adapters:0
[    7366ms] [ERROR] Failed to load resource: the server responded with a status of 501 (Not Implemented) @ http://localhost:8787/api/companies/9a7cf1f3-02a7-4751-9cdb-671c9c68edb5/skills:0
[    7451ms] [ERROR] Failed to load resource: the server responded with a status of 501 (Not Implemented) @ http://localhost:8787/api/auth/get-session:0
[    7456ms] [ERROR] Failed to load resource: the server responded with a status of 501 (Not Implemented) @ http://localhost:8787/api/plugins/ui-contributions:0
[    7547ms] [ERROR] Failed to load resource: the server responded with a status of 501 (Not Implemented) @ http://localhost:8787/api/companies/9a7cf1f3-02a7-4751-9cdb-671c9c68edb5/user-directory:0
[  105760ms] [ERROR] Failed to load resource: net::ERR_CONNECTION_REFUSED @ http://localhost:8787/api/companies/9a7cf1f3-02a7-4751-9cdb-671c9c68edb5/sidebar-badges:0
[  106764ms] [ERROR] Failed to load resource: net::ERR_CONNECTION_REFUSED @ http://localhost:8787/api/companies/9a7cf1f3-02a7-4751-9cdb-671c9c68edb5/sidebar-badges:0
