[     121ms] [ERROR] Failed to load resource: the server responded with a status of 501 (Not Implemented) @ http://localhost:8787/api/adapters:0
[     127ms] [ERROR] Failed to load resource: the server responded with a status of 501 (Not Implemented) @ http://localhost:8787/api/plugins/ui-contributions:0
[     131ms] [ERROR] Failed to load resource: the server responded with a status of 501 (Not Implemented) @ http://localhost:8787/api/plugins:0
[     177ms] [ERROR] Failed to load resource: the server responded with a status of 501 (Not Implemented) @ http://localhost:8787/api/companies/9a7cf1f3-02a7-4751-9cdb-671c9c68edb5/skills:0
[     196ms] [ERROR] WebSocket connection to 'ws://localhost:8787/api/companies/9a7cf1f3-02a7-4751-9cdb-671c9c68edb5/events/ws' failed: Error during WebSocket handshake: Unexpected response code: 501 @ http://localhost:8787/assets/index-D28lQfO3.js:508
[    1139ms] [ERROR] Failed to load resource: the server responded with a status of 501 (Not Implemented) @ http://localhost:8787/api/plugins/ui-contributions:0
[    1139ms] [ERROR] Failed to load resource: the server responded with a status of 501 (Not Implemented) @ http://localhost:8787/api/adapters:0
[    1140ms] [ERROR] Failed to load resource: the server responded with a status of 501 (Not Implemented) @ http://localhost:8787/api/plugins:0
[    1183ms] [ERROR] Failed to load resource: the server responded with a status of 501 (Not Implemented) @ http://localhost:8787/api/companies/9a7cf1f3-02a7-4751-9cdb-671c9c68edb5/skills:0
[    1243ms] [ERROR] WebSocket connection to 'ws://localhost:8787/api/companies/9a7cf1f3-02a7-4751-9cdb-671c9c68edb5/events/ws' failed: Error during WebSocket handshake: Unexpected response code: 501 @ http://localhost:8787/assets/index-D28lQfO3.js:508
[    3147ms] [ERROR] Failed to load resource: the server responded with a status of 501 (Not Implemented) @ http://localhost:8787/api/plugins/ui-contributions:0
[    3150ms] [ERROR] Failed to load resource: the server responded with a status of 501 (Not Implemented) @ http://localhost:8787/api/plugins:0
[    3150ms] [ERROR] Failed to load resource: the server responded with a status of 501 (Not Implemented) @ http://localhost:8787/api/adapters:0
[    3189ms] [ERROR] Failed to load resource: the server responded with a status of 501 (Not Implemented) @ http://localhost:8787/api/companies/9a7cf1f3-02a7-4751-9cdb-671c9c68edb5/skills:0
[    3287ms] [ERROR] WebSocket connection to 'ws://localhost:8787/api/companies/9a7cf1f3-02a7-4751-9cdb-671c9c68edb5/events/ws' failed: Error during WebSocket handshake: Unexpected response code: 501 @ http://localhost:8787/assets/index-D28lQfO3.js:508
[    7154ms] [ERROR] Failed to load resource: net::ERR_CONNECTION_REFUSED @ http://localhost:8787/api/plugins/ui-contributions:0
[    7154ms] [ERROR] Failed to load resource: net::ERR_CONNECTION_REFUSED @ http://localhost:8787/api/plugins:0
[    7154ms] [ERROR] Failed to load resource: net::ERR_CONNECTION_REFUSED @ http://localhost:8787/api/adapters:0
[    7191ms] [ERROR] Failed to load resource: net::ERR_CONNECTION_REFUSED @ http://localhost:8787/api/companies/9a7cf1f3-02a7-4751-9cdb-671c9c68edb5/skills:0
[    7289ms] [ERROR] WebSocket connection to 'ws://localhost:8787/api/companies/9a7cf1f3-02a7-4751-9cdb-671c9c68edb5/events/ws' failed: Error in connection establishment: net::ERR_CONNECTION_REFUSED @ http://localhost:8787/assets/index-D28lQfO3.js:508
[   10208ms] [ERROR] Failed to load resource: net::ERR_CONNECTION_REFUSED @ http://localhost:8787/api/companies/9a7cf1f3-02a7-4751-9cdb-671c9c68edb5/live-runs:0
[   11211ms] [ERROR] Failed to load resource: net::ERR_CONNECTION_REFUSED @ http://localhost:8787/api/companies/9a7cf1f3-02a7-4751-9cdb-671c9c68edb5/live-runs:0
[   13213ms] [ERROR] Failed to load resource: net::ERR_CONNECTION_REFUSED @ http://localhost:8787/api/companies/9a7cf1f3-02a7-4751-9cdb-671c9c68edb5/live-runs:0
[   15219ms] [ERROR] Failed to load resource: net::ERR_CONNECTION_REFUSED @ http://localhost:8787/api/companies/9a7cf1f3-02a7-4751-9cdb-671c9c68edb5/sidebar-badges:0
[   15291ms] [ERROR] WebSocket connection to 'ws://localhost:8787/api/companies/9a7cf1f3-02a7-4751-9cdb-671c9c68edb5/events/ws' failed: Error in connection establishment: net::ERR_CONNECTION_REFUSED @ http://localhost:8787/assets/index-D28lQfO3.js:508
[   16221ms] [ERROR] Failed to load resource: net::ERR_CONNECTION_REFUSED @ http://localhost:8787/api/companies/9a7cf1f3-02a7-4751-9cdb-671c9c68edb5/sidebar-badges:0
[   17216ms] [ERROR] Failed to load resource: net::ERR_CONNECTION_REFUSED @ http://localhost:8787/api/companies/9a7cf1f3-02a7-4751-9cdb-671c9c68edb5/live-runs:0
[   18225ms] [ERROR] Failed to load resource: net::ERR_CONNECTION_REFUSED @ http://localhost:8787/api/companies/9a7cf1f3-02a7-4751-9cdb-671c9c68edb5/sidebar-badges:0
[   22226ms] [ERROR] Failed to load resource: net::ERR_CONNECTION_REFUSED @ http://localhost:8787/api/companies/9a7cf1f3-02a7-4751-9cdb-671c9c68edb5/sidebar-badges:0
[   27219ms] [ERROR] Failed to load resource: net::ERR_CONNECTION_REFUSED @ http://localhost:8787/api/companies/9a7cf1f3-02a7-4751-9cdb-671c9c68edb5/live-runs:0
[   28222ms] [ERROR] Failed to load resource: net::ERR_CONNECTION_REFUSED @ http://localhost:8787/api/companies/9a7cf1f3-02a7-4751-9cdb-671c9c68edb5/live-runs:0
[   30225ms] [ERROR] Failed to load resource: net::ERR_CONNECTION_REFUSED @ http://localhost:8787/api/companies/9a7cf1f3-02a7-4751-9cdb-671c9c68edb5/live-runs:0
[   30294ms] [ERROR] WebSocket connection to 'ws://localhost:8787/api/companies/9a7cf1f3-02a7-4751-9cdb-671c9c68edb5/events/ws' failed: Error in connection establishment: net::ERR_CONNECTION_REFUSED @ http://localhost:8787/assets/index-D28lQfO3.js:508
[   34228ms] [ERROR] Failed to load resource: net::ERR_CONNECTION_REFUSED @ http://localhost:8787/api/companies/9a7cf1f3-02a7-4751-9cdb-671c9c68edb5/live-runs:0
[   37231ms] [ERROR] Failed to load resource: net::ERR_CONNECTION_REFUSED @ http://localhost:8787/api/companies/9a7cf1f3-02a7-4751-9cdb-671c9c68edb5/sidebar-badges:0
[   38233ms] [ERROR] Failed to load resource: net::ERR_CONNECTION_REFUSED @ http://localhost:8787/api/companies/9a7cf1f3-02a7-4751-9cdb-671c9c68edb5/sidebar-badges:0
[   40236ms] [ERROR] Failed to load resource: net::ERR_CONNECTION_REFUSED @ http://localhost:8787/api/companies/9a7cf1f3-02a7-4751-9cdb-671c9c68edb5/sidebar-badges:0
[   44232ms] [ERROR] Failed to load resource: net::ERR_CONNECTION_REFUSED @ http://localhost:8787/api/companies/9a7cf1f3-02a7-4751-9cdb-671c9c68edb5/live-runs:0
[   44239ms] [ERROR] Failed to load resource: net::ERR_CONNECTION_REFUSED @ http://localhost:8787/api/companies/9a7cf1f3-02a7-4751-9cdb-671c9c68edb5/sidebar-badges:0
[   45234ms] [ERROR] Failed to load resource: net::ERR_CONNECTION_REFUSED @ http://localhost:8787/api/companies/9a7cf1f3-02a7-4751-9cdb-671c9c68edb5/live-runs:0
[   45295ms] [ERROR] WebSocket connection to 'ws://localhost:8787/api/companies/9a7cf1f3-02a7-4751-9cdb-671c9c68edb5/events/ws' failed: Error in connection establishment: net::ERR_CONNECTION_REFUSED @ http://localhost:8787/assets/index-D28lQfO3.js:508
[   47237ms] [ERROR] Failed to load resource: net::ERR_CONNECTION_REFUSED @ http://localhost:8787/api/companies/9a7cf1f3-02a7-4751-9cdb-671c9c68edb5/live-runs:0
[   51241ms] [ERROR] Failed to load resource: net::ERR_CONNECTION_REFUSED @ http://localhost:8787/api/companies/9a7cf1f3-02a7-4751-9cdb-671c9c68edb5/live-runs:0
[   59242ms] [ERROR] Failed to load resource: net::ERR_CONNECTION_REFUSED @ http://localhost:8787/api/companies/9a7cf1f3-02a7-4751-9cdb-671c9c68edb5/sidebar-badges:0
[   60245ms] [ERROR] Failed to load resource: net::ERR_CONNECTION_REFUSED @ http://localhost:8787/api/companies/9a7cf1f3-02a7-4751-9cdb-671c9c68edb5/sidebar-badges:0
[   60300ms] [ERROR] WebSocket connection to 'ws://localhost:8787/api/companies/9a7cf1f3-02a7-4751-9cdb-671c9c68edb5/events/ws' failed: Error in connection establishment: net::ERR_CONNECTION_REFUSED @ http://localhost:8787/assets/index-D28lQfO3.js:508
[   61244ms] [ERROR] Failed to load resource: net::ERR_CONNECTION_REFUSED @ http://localhost:8787/api/companies/9a7cf1f3-02a7-4751-9cdb-671c9c68edb5/live-runs:0
[   62247ms] [ERROR] Failed to load resource: net::ERR_CONNECTION_REFUSED @ http://localhost:8787/api/companies/9a7cf1f3-02a7-4751-9cdb-671c9c68edb5/live-runs:0
[   62247ms] [ERROR] Failed to load resource: net::ERR_CONNECTION_REFUSED @ http://localhost:8787/api/companies/9a7cf1f3-02a7-4751-9cdb-671c9c68edb5/sidebar-badges:0
[   64250ms] [ERROR] Failed to load resource: net::ERR_CONNECTION_REFUSED @ http://localhost:8787/api/companies/9a7cf1f3-02a7-4751-9cdb-671c9c68edb5/live-runs:0
[   66250ms] [ERROR] Failed to load resource: net::ERR_CONNECTION_REFUSED @ http://localhost:8787/api/companies/9a7cf1f3-02a7-4751-9cdb-671c9c68edb5/sidebar-badges:0
[   68252ms] [ERROR] Failed to load resource: net::ERR_CONNECTION_REFUSED @ http://localhost:8787/api/companies/9a7cf1f3-02a7-4751-9cdb-671c9c68edb5/live-runs:0
[   75306ms] [ERROR] WebSocket connection to 'ws://localhost:8787/api/companies/9a7cf1f3-02a7-4751-9cdb-671c9c68edb5/events/ws' failed: Error in connection establishment: net::ERR_CONNECTION_REFUSED @ http://localhost:8787/assets/index-D28lQfO3.js:508
[   78255ms] [ERROR] Failed to load resource: net::ERR_CONNECTION_REFUSED @ http://localhost:8787/api/companies/9a7cf1f3-02a7-4751-9cdb-671c9c68edb5/live-runs:0
[   79258ms] [ERROR] Failed to load resource: net::ERR_CONNECTION_REFUSED @ http://localhost:8787/api/companies/9a7cf1f3-02a7-4751-9cdb-671c9c68edb5/live-runs:0
[   81254ms] [ERROR] Failed to load resource: net::ERR_CONNECTION_REFUSED @ http://localhost:8787/api/companies/9a7cf1f3-02a7-4751-9cdb-671c9c68edb5/sidebar-badges:0
[   81260ms] [ERROR] Failed to load resource: net::ERR_CONNECTION_REFUSED @ http://localhost:8787/api/companies/9a7cf1f3-02a7-4751-9cdb-671c9c68edb5/live-runs:0
[   82257ms] [ERROR] Failed to load resource: net::ERR_CONNECTION_REFUSED @ http://localhost:8787/api/companies/9a7cf1f3-02a7-4751-9cdb-671c9c68edb5/sidebar-badges:0
[   84260ms] [ERROR] Failed to load resource: net::ERR_CONNECTION_REFUSED @ http://localhost:8787/api/companies/9a7cf1f3-02a7-4751-9cdb-671c9c68edb5/sidebar-badges:0
[   85263ms] [ERROR] Failed to load resource: net::ERR_CONNECTION_REFUSED @ http://localhost:8787/api/companies/9a7cf1f3-02a7-4751-9cdb-671c9c68edb5/live-runs:0
[   88263ms] [ERROR] Failed to load resource: net::ERR_CONNECTION_REFUSED @ http://localhost:8787/api/companies/9a7cf1f3-02a7-4751-9cdb-671c9c68edb5/sidebar-badges:0
[   90313ms] [ERROR] WebSocket connection to 'ws://localhost:8787/api/companies/9a7cf1f3-02a7-4751-9cdb-671c9c68edb5/events/ws' failed: Error in connection establishment: net::ERR_CONNECTION_REFUSED @ http://localhost:8787/assets/index-D28lQfO3.js:508
[   95266ms] [ERROR] Failed to load resource: net::ERR_CONNECTION_REFUSED @ http://localhost:8787/api/companies/9a7cf1f3-02a7-4751-9cdb-671c9c68edb5/live-runs:0
[   96270ms] [ERROR] Failed to load resource: net::ERR_CONNECTION_REFUSED @ http://localhost:8787/api/companies/9a7cf1f3-02a7-4751-9cdb-671c9c68edb5/live-runs:0
[   98272ms] [ERROR] Failed to load resource: net::ERR_CONNECTION_REFUSED @ http://localhost:8787/api/companies/9a7cf1f3-02a7-4751-9cdb-671c9c68edb5/live-runs:0
[  102275ms] [ERROR] Failed to load resource: net::ERR_CONNECTION_REFUSED @ http://localhost:8787/api/companies/9a7cf1f3-02a7-4751-9cdb-671c9c68edb5/live-runs:0
[  103265ms] [ERROR] Failed to load resource: net::ERR_CONNECTION_REFUSED @ http://localhost:8787/api/companies/9a7cf1f3-02a7-4751-9cdb-671c9c68edb5/sidebar-badges:0
[  104269ms] [ERROR] Failed to load resource: net::ERR_CONNECTION_REFUSED @ http://localhost:8787/api/companies/9a7cf1f3-02a7-4751-9cdb-671c9c68edb5/sidebar-badges:0
[  105322ms] [ERROR] WebSocket connection to 'ws://localhost:8787/api/companies/9a7cf1f3-02a7-4751-9cdb-671c9c68edb5/events/ws' failed: Error in connection establishment: net::ERR_CONNECTION_REFUSED @ http://localhost:8787/assets/index-D28lQfO3.js:508
[  106272ms] [ERROR] Failed to load resource: net::ERR_CONNECTION_REFUSED @ http://localhost:8787/api/companies/9a7cf1f3-02a7-4751-9cdb-671c9c68edb5/sidebar-badges:0
[  110274ms] [ERROR] Failed to load resource: net::ERR_CONNECTION_REFUSED @ http://localhost:8787/api/companies/9a7cf1f3-02a7-4751-9cdb-671c9c68edb5/sidebar-badges:0
[  112279ms] [ERROR] Failed to load resource: net::ERR_CONNECTION_REFUSED @ http://localhost:8787/api/companies/9a7cf1f3-02a7-4751-9cdb-671c9c68edb5/live-runs:0
[  113282ms] [ERROR] Failed to load resource: net::ERR_CONNECTION_REFUSED @ http://localhost:8787/api/companies/9a7cf1f3-02a7-4751-9cdb-671c9c68edb5/live-runs:0
[  115284ms] [ERROR] Failed to load resource: net::ERR_CONNECTION_REFUSED @ http://localhost:8787/api/companies/9a7cf1f3-02a7-4751-9cdb-671c9c68edb5/live-runs:0
[  119287ms] [ERROR] Failed to load resource: net::ERR_CONNECTION_REFUSED @ http://localhost:8787/api/companies/9a7cf1f3-02a7-4751-9cdb-671c9c68edb5/live-runs:0
[  120365ms] [ERROR] WebSocket connection to 'ws://localhost:8787/api/companies/9a7cf1f3-02a7-4751-9cdb-671c9c68edb5/events/ws' failed: Error in connection establishment: net::ERR_CONNECTION_REFUSED @ http://localhost:8787/assets/index-D28lQfO3.js:508
[  125278ms] [ERROR] Failed to load resource: net::ERR_CONNECTION_REFUSED @ http://localhost:8787/api/companies/9a7cf1f3-02a7-4751-9cdb-671c9c68edb5/sidebar-badges:0
[  126280ms] [ERROR] Failed to load resource: net::ERR_CONNECTION_REFUSED @ http://localhost:8787/api/companies/9a7cf1f3-02a7-4751-9cdb-671c9c68edb5/sidebar-badges:0
[  128283ms] [ERROR] Failed to load resource: net::ERR_CONNECTION_REFUSED @ http://localhost:8787/api/companies/9a7cf1f3-02a7-4751-9cdb-671c9c68edb5/sidebar-badges:0
[  129290ms] [ERROR] Failed to load resource: net::ERR_CONNECTION_REFUSED @ http://localhost:8787/api/companies/9a7cf1f3-02a7-4751-9cdb-671c9c68edb5/live-runs:0
[  130292ms] [ERROR] Failed to load resource: net::ERR_CONNECTION_REFUSED @ http://localhost:8787/api/companies/9a7cf1f3-02a7-4751-9cdb-671c9c68edb5/live-runs:0
[  132286ms] [ERROR] Failed to load resource: net::ERR_CONNECTION_REFUSED @ http://localhost:8787/api/companies/9a7cf1f3-02a7-4751-9cdb-671c9c68edb5/sidebar-badges:0
[  132295ms] [ERROR] Failed to load resource: net::ERR_CONNECTION_REFUSED @ http://localhost:8787/api/companies/9a7cf1f3-02a7-4751-9cdb-671c9c68edb5/live-runs:0
[  135367ms] [ERROR] WebSocket connection to 'ws://localhost:8787/api/companies/9a7cf1f3-02a7-4751-9cdb-671c9c68edb5/events/ws' failed: Error in connection establishment: net::ERR_CONNECTION_REFUSED @ http://localhost:8787/assets/index-D28lQfO3.js:508
[  136298ms] [ERROR] Failed to load resource: net::ERR_CONNECTION_REFUSED @ http://localhost:8787/api/companies/9a7cf1f3-02a7-4751-9cdb-671c9c68edb5/live-runs:0
[  146301ms] [ERROR] Failed to load resource: net::ERR_CONNECTION_REFUSED @ http://localhost:8787/api/companies/9a7cf1f3-02a7-4751-9cdb-671c9c68edb5/live-runs:0
[  147290ms] [ERROR] Failed to load resource: net::ERR_CONNECTION_REFUSED @ http://localhost:8787/api/companies/9a7cf1f3-02a7-4751-9cdb-671c9c68edb5/sidebar-badges:0
[  147304ms] [ERROR] Failed to load resource: net::ERR_CONNECTION_REFUSED @ http://localhost:8787/api/companies/9a7cf1f3-02a7-4751-9cdb-671c9c68edb5/live-runs:0
[  148292ms] [ERROR] Failed to load resource: net::ERR_CONNECTION_REFUSED @ http://localhost:8787/api/companies/9a7cf1f3-02a7-4751-9cdb-671c9c68edb5/sidebar-badges:0
[  149307ms] [ERROR] Failed to load resource: net::ERR_CONNECTION_REFUSED @ http://localhost:8787/api/companies/9a7cf1f3-02a7-4751-9cdb-671c9c68edb5/live-runs:0
[  150295ms] [ERROR] Failed to load resource: net::ERR_CONNECTION_REFUSED @ http://localhost:8787/api/companies/9a7cf1f3-02a7-4751-9cdb-671c9c68edb5/sidebar-badges:0
[  150370ms] [ERROR] WebSocket connection to 'ws://localhost:8787/api/companies/9a7cf1f3-02a7-4751-9cdb-671c9c68edb5/events/ws' failed: Error in connection establishment: net::ERR_CONNECTION_REFUSED @ http://localhost:8787/assets/index-D28lQfO3.js:508
[  153310ms] [ERROR] Failed to load resource: net::ERR_CONNECTION_REFUSED @ http://localhost:8787/api/companies/9a7cf1f3-02a7-4751-9cdb-671c9c68edb5/live-runs:0
[  154298ms] [ERROR] Failed to load resource: net::ERR_CONNECTION_REFUSED @ http://localhost:8787/api/companies/9a7cf1f3-02a7-4751-9cdb-671c9c68edb5/sidebar-badges:0
[  163313ms] [ERROR] Failed to load resource: net::ERR_CONNECTION_REFUSED @ http://localhost:8787/api/companies/9a7cf1f3-02a7-4751-9cdb-671c9c68edb5/live-runs:0
[  164316ms] [ERROR] Failed to load resource: net::ERR_CONNECTION_REFUSED @ http://localhost:8787/api/companies/9a7cf1f3-02a7-4751-9cdb-671c9c68edb5/live-runs:0
[  165373ms] [ERROR] WebSocket connection to 'ws://localhost:8787/api/companies/9a7cf1f3-02a7-4751-9cdb-671c9c68edb5/events/ws' failed: Error in connection establishment: net::ERR_CONNECTION_REFUSED @ http://localhost:8787/assets/index-D28lQfO3.js:508
[  166318ms] [ERROR] Failed to load resource: net::ERR_CONNECTION_REFUSED @ http://localhost:8787/api/companies/9a7cf1f3-02a7-4751-9cdb-671c9c68edb5/live-runs:0
[  169301ms] [ERROR] Failed to load resource: net::ERR_CONNECTION_REFUSED @ http://localhost:8787/api/companies/9a7cf1f3-02a7-4751-9cdb-671c9c68edb5/sidebar-badges:0
[  170304ms] [ERROR] Failed to load resource: net::ERR_CONNECTION_REFUSED @ http://localhost:8787/api/companies/9a7cf1f3-02a7-4751-9cdb-671c9c68edb5/sidebar-badges:0
[  170321ms] [ERROR] Failed to load resource: net::ERR_CONNECTION_REFUSED @ http://localhost:8787/api/companies/9a7cf1f3-02a7-4751-9cdb-671c9c68edb5/live-runs:0
[  172307ms] [ERROR] Failed to load resource: net::ERR_CONNECTION_REFUSED @ http://localhost:8787/api/companies/9a7cf1f3-02a7-4751-9cdb-671c9c68edb5/sidebar-badges:0
[  176310ms] [ERROR] Failed to load resource: net::ERR_CONNECTION_REFUSED @ http://localhost:8787/api/companies/9a7cf1f3-02a7-4751-9cdb-671c9c68edb5/sidebar-badges:0
[  180324ms] [ERROR] Failed to load resource: net::ERR_CONNECTION_REFUSED @ http://localhost:8787/api/companies/9a7cf1f3-02a7-4751-9cdb-671c9c68edb5/live-runs:0
[  180375ms] [ERROR] WebSocket connection to 'ws://localhost:8787/api/companies/9a7cf1f3-02a7-4751-9cdb-671c9c68edb5/events/ws' failed: Error in connection establishment: net::ERR_CONNECTION_REFUSED @ http://localhost:8787/assets/index-D28lQfO3.js:508
[  181327ms] [ERROR] Failed to load resource: net::ERR_CONNECTION_REFUSED @ http://localhost:8787/api/companies/9a7cf1f3-02a7-4751-9cdb-671c9c68edb5/live-runs:0
[  183329ms] [ERROR] Failed to load resource: net::ERR_CONNECTION_REFUSED @ http://localhost:8787/api/companies/9a7cf1f3-02a7-4751-9cdb-671c9c68edb5/live-runs:0
[  187332ms] [ERROR] Failed to load resource: net::ERR_CONNECTION_REFUSED @ http://localhost:8787/api/companies/9a7cf1f3-02a7-4751-9cdb-671c9c68edb5/live-runs:0
[  191313ms] [ERROR] Failed to load resource: net::ERR_CONNECTION_REFUSED @ http://localhost:8787/api/companies/9a7cf1f3-02a7-4751-9cdb-671c9c68edb5/sidebar-badges:0
[  192314ms] [ERROR] Failed to load resource: net::ERR_CONNECTION_REFUSED @ http://localhost:8787/api/companies/9a7cf1f3-02a7-4751-9cdb-671c9c68edb5/sidebar-badges:0
[  194317ms] [ERROR] Failed to load resource: net::ERR_CONNECTION_REFUSED @ http://localhost:8787/api/companies/9a7cf1f3-02a7-4751-9cdb-671c9c68edb5/sidebar-badges:0
[  195380ms] [ERROR] WebSocket connection to 'ws://localhost:8787/api/companies/9a7cf1f3-02a7-4751-9cdb-671c9c68edb5/events/ws' failed: Error in connection establishment: net::ERR_CONNECTION_REFUSED @ http://localhost:8787/assets/index-D28lQfO3.js:508
[  197335ms] [ERROR] Failed to load resource: net::ERR_CONNECTION_REFUSED @ http://localhost:8787/api/companies/9a7cf1f3-02a7-4751-9cdb-671c9c68edb5/live-runs:0
[  198320ms] [ERROR] Failed to load resource: net::ERR_CONNECTION_REFUSED @ http://localhost:8787/api/companies/9a7cf1f3-02a7-4751-9cdb-671c9c68edb5/sidebar-badges:0
[  198338ms] [ERROR] Failed to load resource: net::ERR_CONNECTION_REFUSED @ http://localhost:8787/api/companies/9a7cf1f3-02a7-4751-9cdb-671c9c68edb5/live-runs:0
[  200341ms] [ERROR] Failed to load resource: net::ERR_CONNECTION_REFUSED @ http://localhost:8787/api/companies/9a7cf1f3-02a7-4751-9cdb-671c9c68edb5/live-runs:0
[  204344ms] [ERROR] Failed to load resource: net::ERR_CONNECTION_REFUSED @ http://localhost:8787/api/companies/9a7cf1f3-02a7-4751-9cdb-671c9c68edb5/live-runs:0
[  210387ms] [ERROR] WebSocket connection to 'ws://localhost:8787/api/companies/9a7cf1f3-02a7-4751-9cdb-671c9c68edb5/events/ws' failed: Error in connection establishment: net::ERR_CONNECTION_REFUSED @ http://localhost:8787/assets/index-D28lQfO3.js:508
[  213326ms] [ERROR] Failed to load resource: net::ERR_CONNECTION_REFUSED @ http://localhost:8787/api/companies/9a7cf1f3-02a7-4751-9cdb-671c9c68edb5/sidebar-badges:0
[  214329ms] [ERROR] Failed to load resource: net::ERR_CONNECTION_REFUSED @ http://localhost:8787/api/companies/9a7cf1f3-02a7-4751-9cdb-671c9c68edb5/sidebar-badges:0
[  214347ms] [ERROR] Failed to load resource: net::ERR_CONNECTION_REFUSED @ http://localhost:8787/api/companies/9a7cf1f3-02a7-4751-9cdb-671c9c68edb5/live-runs:0
[  215350ms] [ERROR] Failed to load resource: net::ERR_CONNECTION_REFUSED @ http://localhost:8787/api/companies/9a7cf1f3-02a7-4751-9cdb-671c9c68edb5/live-runs:0
[  216331ms] [ERROR] Failed to load resource: net::ERR_CONNECTION_REFUSED @ http://localhost:8787/api/companies/9a7cf1f3-02a7-4751-9cdb-671c9c68edb5/sidebar-badges:0
[  217353ms] [ERROR] Failed to load resource: net::ERR_CONNECTION_REFUSED @ http://localhost:8787/api/companies/9a7cf1f3-02a7-4751-9cdb-671c9c68edb5/live-runs:0
[  220335ms] [ERROR] Failed to load resource: net::ERR_CONNECTION_REFUSED @ http://localhost:8787/api/companies/9a7cf1f3-02a7-4751-9cdb-671c9c68edb5/sidebar-badges:0
[  221356ms] [ERROR] Failed to load resource: net::ERR_CONNECTION_REFUSED @ http://localhost:8787/api/companies/9a7cf1f3-02a7-4751-9cdb-671c9c68edb5/live-runs:0
[  225395ms] [ERROR] WebSocket connection to 'ws://localhost:8787/api/companies/9a7cf1f3-02a7-4751-9cdb-671c9c68edb5/events/ws' failed: Error in connection establishment: net::ERR_CONNECTION_REFUSED @ http://localhost:8787/assets/index-D28lQfO3.js:508
[  231359ms] [ERROR] Failed to load resource: net::ERR_CONNECTION_REFUSED @ http://localhost:8787/api/companies/9a7cf1f3-02a7-4751-9cdb-671c9c68edb5/live-runs:0
[  232361ms] [ERROR] Failed to load resource: net::ERR_CONNECTION_REFUSED @ http://localhost:8787/api/companies/9a7cf1f3-02a7-4751-9cdb-671c9c68edb5/live-runs:0
[  234364ms] [ERROR] Failed to load resource: net::ERR_CONNECTION_REFUSED @ http://localhost:8787/api/companies/9a7cf1f3-02a7-4751-9cdb-671c9c68edb5/live-runs:0
[  235338ms] [ERROR] Failed to load resource: net::ERR_CONNECTION_REFUSED @ http://localhost:8787/api/companies/9a7cf1f3-02a7-4751-9cdb-671c9c68edb5/sidebar-badges:0
[  236341ms] [ERROR] Failed to load resource: net::ERR_CONNECTION_REFUSED @ http://localhost:8787/api/companies/9a7cf1f3-02a7-4751-9cdb-671c9c68edb5/sidebar-badges:0
[  238344ms] [ERROR] Failed to load resource: net::ERR_CONNECTION_REFUSED @ http://localhost:8787/api/companies/9a7cf1f3-02a7-4751-9cdb-671c9c68edb5/sidebar-badges:0
[  238366ms] [ERROR] Failed to load resource: net::ERR_CONNECTION_REFUSED @ http://localhost:8787/api/companies/9a7cf1f3-02a7-4751-9cdb-671c9c68edb5/live-runs:0
[  240421ms] [ERROR] WebSocket connection to 'ws://localhost:8787/api/companies/9a7cf1f3-02a7-4751-9cdb-671c9c68edb5/events/ws' failed: Error in connection establishment: net::ERR_CONNECTION_REFUSED @ http://localhost:8787/assets/index-D28lQfO3.js:508
[  242347ms] [ERROR] Failed to load resource: net::ERR_CONNECTION_REFUSED @ http://localhost:8787/api/companies/9a7cf1f3-02a7-4751-9cdb-671c9c68edb5/sidebar-badges:0
[  248369ms] [ERROR] Failed to load resource: net::ERR_CONNECTION_REFUSED @ http://localhost:8787/api/companies/9a7cf1f3-02a7-4751-9cdb-671c9c68edb5/live-runs:0
[  249372ms] [ERROR] Failed to load resource: net::ERR_CONNECTION_REFUSED @ http://localhost:8787/api/companies/9a7cf1f3-02a7-4751-9cdb-671c9c68edb5/live-runs:0
[  251375ms] [ERROR] Failed to load resource: net::ERR_CONNECTION_REFUSED @ http://localhost:8787/api/companies/9a7cf1f3-02a7-4751-9cdb-671c9c68edb5/live-runs:0
[  255378ms] [ERROR] Failed to load resource: net::ERR_CONNECTION_REFUSED @ http://localhost:8787/api/companies/9a7cf1f3-02a7-4751-9cdb-671c9c68edb5/live-runs:0
[  255424ms] [ERROR] WebSocket connection to 'ws://localhost:8787/api/companies/9a7cf1f3-02a7-4751-9cdb-671c9c68edb5/events/ws' failed: Error in connection establishment: net::ERR_CONNECTION_REFUSED @ http://localhost:8787/assets/index-D28lQfO3.js:508
[  257350ms] [ERROR] Failed to load resource: net::ERR_CONNECTION_REFUSED @ http://localhost:8787/api/companies/9a7cf1f3-02a7-4751-9cdb-671c9c68edb5/sidebar-badges:0
[  258354ms] [ERROR] Failed to load resource: net::ERR_CONNECTION_REFUSED @ http://localhost:8787/api/companies/9a7cf1f3-02a7-4751-9cdb-671c9c68edb5/sidebar-badges:0
[  260356ms] [ERROR] Failed to load resource: net::ERR_CONNECTION_REFUSED @ http://localhost:8787/api/companies/9a7cf1f3-02a7-4751-9cdb-671c9c68edb5/sidebar-badges:0
[  264359ms] [ERROR] Failed to load resource: net::ERR_CONNECTION_REFUSED @ http://localhost:8787/api/companies/9a7cf1f3-02a7-4751-9cdb-671c9c68edb5/sidebar-badges:0
[  265381ms] [ERROR] Failed to load resource: net::ERR_CONNECTION_REFUSED @ http://localhost:8787/api/companies/9a7cf1f3-02a7-4751-9cdb-671c9c68edb5/live-runs:0
[  266384ms] [ERROR] Failed to load resource: net::ERR_CONNECTION_REFUSED @ http://localhost:8787/api/companies/9a7cf1f3-02a7-4751-9cdb-671c9c68edb5/live-runs:0
[  268387ms] [ERROR] Failed to load resource: net::ERR_CONNECTION_REFUSED @ http://localhost:8787/api/companies/9a7cf1f3-02a7-4751-9cdb-671c9c68edb5/live-runs:0
[  270426ms] [ERROR] WebSocket connection to 'ws://localhost:8787/api/companies/9a7cf1f3-02a7-4751-9cdb-671c9c68edb5/events/ws' failed: Error in connection establishment: net::ERR_CONNECTION_REFUSED @ http://localhost:8787/assets/index-D28lQfO3.js:508
[  272390ms] [ERROR] Failed to load resource: net::ERR_CONNECTION_REFUSED @ http://localhost:8787/api/companies/9a7cf1f3-02a7-4751-9cdb-671c9c68edb5/live-runs:0
[  279362ms] [ERROR] Failed to load resource: net::ERR_CONNECTION_REFUSED @ http://localhost:8787/api/companies/9a7cf1f3-02a7-4751-9cdb-671c9c68edb5/sidebar-badges:0
[  280365ms] [ERROR] Failed to load resource: net::ERR_CONNECTION_REFUSED @ http://localhost:8787/api/companies/9a7cf1f3-02a7-4751-9cdb-671c9c68edb5/sidebar-badges:0
[  282367ms] [ERROR] Failed to load resource: net::ERR_CONNECTION_REFUSED @ http://localhost:8787/api/companies/9a7cf1f3-02a7-4751-9cdb-671c9c68edb5/sidebar-badges:0
[  282393ms] [ERROR] Failed to load resource: net::ERR_CONNECTION_REFUSED @ http://localhost:8787/api/companies/9a7cf1f3-02a7-4751-9cdb-671c9c68edb5/live-runs:0
[  283396ms] [ERROR] Failed to load resource: net::ERR_CONNECTION_REFUSED @ http://localhost:8787/api/companies/9a7cf1f3-02a7-4751-9cdb-671c9c68edb5/live-runs:0
[  285399ms] [ERROR] Failed to load resource: net::ERR_CONNECTION_REFUSED @ http://localhost:8787/api/companies/9a7cf1f3-02a7-4751-9cdb-671c9c68edb5/live-runs:0
[  285428ms] [ERROR] WebSocket connection to 'ws://localhost:8787/api/companies/9a7cf1f3-02a7-4751-9cdb-671c9c68edb5/events/ws' failed: Error in connection establishment: net::ERR_CONNECTION_REFUSED @ http://localhost:8787/assets/index-D28lQfO3.js:508
[  286371ms] [ERROR] Failed to load resource: net::ERR_CONNECTION_REFUSED @ http://localhost:8787/api/companies/9a7cf1f3-02a7-4751-9cdb-671c9c68edb5/sidebar-badges:0
[  289401ms] [ERROR] Failed to load resource: net::ERR_CONNECTION_REFUSED @ http://localhost:8787/api/companies/9a7cf1f3-02a7-4751-9cdb-671c9c68edb5/live-runs:0
[  299417ms] [ERROR] Failed to load resource: net::ERR_CONNECTION_REFUSED @ http://localhost:8787/api/companies/9a7cf1f3-02a7-4751-9cdb-671c9c68edb5/live-runs:0
[  300422ms] [ERROR] Failed to load resource: net::ERR_CONNECTION_REFUSED @ http://localhost:8787/api/companies/9a7cf1f3-02a7-4751-9cdb-671c9c68edb5/live-runs:0
[  300445ms] [ERROR] WebSocket connection to 'ws://localhost:8787/api/companies/9a7cf1f3-02a7-4751-9cdb-671c9c68edb5/events/ws' failed: Error in connection establishment: net::ERR_CONNECTION_REFUSED @ http://localhost:8787/assets/index-D28lQfO3.js:508
[  301391ms] [ERROR] Failed to load resource: net::ERR_CONNECTION_REFUSED @ http://localhost:8787/api/companies/9a7cf1f3-02a7-4751-9cdb-671c9c68edb5/sidebar-badges:0
[  302396ms] [ERROR] Failed to load resource: net::ERR_CONNECTION_REFUSED @ http://localhost:8787/api/companies/9a7cf1f3-02a7-4751-9cdb-671c9c68edb5/sidebar-badges:0
[  302428ms] [ERROR] Failed to load resource: net::ERR_CONNECTION_REFUSED @ http://localhost:8787/api/companies/9a7cf1f3-02a7-4751-9cdb-671c9c68edb5/live-runs:0
[  304401ms] [ERROR] Failed to load resource: net::ERR_CONNECTION_REFUSED @ http://localhost:8787/api/companies/9a7cf1f3-02a7-4751-9cdb-671c9c68edb5/sidebar-badges:0
[  306437ms] [ERROR] Failed to load resource: net::ERR_CONNECTION_REFUSED @ http://localhost:8787/api/companies/9a7cf1f3-02a7-4751-9cdb-671c9c68edb5/live-runs:0
[  308409ms] [ERROR] Failed to load resource: net::ERR_CONNECTION_REFUSED @ http://localhost:8787/api/companies/9a7cf1f3-02a7-4751-9cdb-671c9c68edb5/sidebar-badges:0
[  315466ms] [ERROR] WebSocket connection to 'ws://localhost:8787/api/companies/9a7cf1f3-02a7-4751-9cdb-671c9c68edb5/events/ws' failed: Error in connection establishment: net::ERR_CONNECTION_REFUSED @ http://localhost:8787/assets/index-D28lQfO3.js:508
[  316448ms] [ERROR] Failed to load resource: net::ERR_CONNECTION_REFUSED @ http://localhost:8787/api/companies/9a7cf1f3-02a7-4751-9cdb-671c9c68edb5/live-runs:0
[  317452ms] [ERROR] Failed to load resource: net::ERR_CONNECTION_REFUSED @ http://localhost:8787/api/companies/9a7cf1f3-02a7-4751-9cdb-671c9c68edb5/live-runs:0
[  319456ms] [ERROR] Failed to load resource: net::ERR_CONNECTION_REFUSED @ http://localhost:8787/api/companies/9a7cf1f3-02a7-4751-9cdb-671c9c68edb5/live-runs:0
[  323422ms] [ERROR] Failed to load resource: net::ERR_CONNECTION_REFUSED @ http://localhost:8787/api/companies/9a7cf1f3-02a7-4751-9cdb-671c9c68edb5/sidebar-badges:0
[  323461ms] [ERROR] Failed to load resource: net::ERR_CONNECTION_REFUSED @ http://localhost:8787/api/companies/9a7cf1f3-02a7-4751-9cdb-671c9c68edb5/live-runs:0
[  324426ms] [ERROR] Failed to load resource: net::ERR_CONNECTION_REFUSED @ http://localhost:8787/api/companies/9a7cf1f3-02a7-4751-9cdb-671c9c68edb5/sidebar-badges:0
[  326429ms] [ERROR] Failed to load resource: net::ERR_CONNECTION_REFUSED @ http://localhost:8787/api/companies/9a7cf1f3-02a7-4751-9cdb-671c9c68edb5/sidebar-badges:0
[  330433ms] [ERROR] Failed to load resource: net::ERR_CONNECTION_REFUSED @ http://localhost:8787/api/companies/9a7cf1f3-02a7-4751-9cdb-671c9c68edb5/sidebar-badges:0
[  330476ms] [ERROR] WebSocket connection to 'ws://localhost:8787/api/companies/9a7cf1f3-02a7-4751-9cdb-671c9c68edb5/events/ws' failed: Error in connection establishment: net::ERR_CONNECTION_REFUSED @ http://localhost:8787/assets/index-D28lQfO3.js:508
[  333467ms] [ERROR] Failed to load resource: net::ERR_CONNECTION_REFUSED @ http://localhost:8787/api/companies/9a7cf1f3-02a7-4751-9cdb-671c9c68edb5/live-runs:0
[  334470ms] [ERROR] Failed to load resource: net::ERR_CONNECTION_REFUSED @ http://localhost:8787/api/companies/9a7cf1f3-02a7-4751-9cdb-671c9c68edb5/live-runs:0
[  336473ms] [ERROR] Failed to load resource: net::ERR_CONNECTION_REFUSED @ http://localhost:8787/api/companies/9a7cf1f3-02a7-4751-9cdb-671c9c68edb5/live-runs:0
[  340477ms] [ERROR] Failed to load resource: net::ERR_CONNECTION_REFUSED @ http://localhost:8787/api/companies/9a7cf1f3-02a7-4751-9cdb-671c9c68edb5/live-runs:0
[  345438ms] [ERROR] Failed to load resource: net::ERR_CONNECTION_REFUSED @ http://localhost:8787/api/companies/9a7cf1f3-02a7-4751-9cdb-671c9c68edb5/sidebar-badges:0
[  345487ms] [ERROR] WebSocket connection to 'ws://localhost:8787/api/companies/9a7cf1f3-02a7-4751-9cdb-671c9c68edb5/events/ws' failed: Error in connection establishment: net::ERR_CONNECTION_REFUSED @ http://localhost:8787/assets/index-D28lQfO3.js:508
[  346441ms] [ERROR] Failed to load resource: net::ERR_CONNECTION_REFUSED @ http://localhost:8787/api/companies/9a7cf1f3-02a7-4751-9cdb-671c9c68edb5/sidebar-badges:0
[  348444ms] [ERROR] Failed to load resource: net::ERR_CONNECTION_REFUSED @ http://localhost:8787/api/companies/9a7cf1f3-02a7-4751-9cdb-671c9c68edb5/sidebar-badges:0
[  350483ms] [ERROR] Failed to load resource: net::ERR_CONNECTION_REFUSED @ http://localhost:8787/api/companies/9a7cf1f3-02a7-4751-9cdb-671c9c68edb5/live-runs:0
[  351486ms] [ERROR] Failed to load resource: net::ERR_CONNECTION_REFUSED @ http://localhost:8787/api/companies/9a7cf1f3-02a7-4751-9cdb-671c9c68edb5/live-runs:0
[  352447ms] [ERROR] Failed to load resource: net::ERR_CONNECTION_REFUSED @ http://localhost:8787/api/companies/9a7cf1f3-02a7-4751-9cdb-671c9c68edb5/sidebar-badges:0
[  353489ms] [ERROR] Failed to load resource: net::ERR_CONNECTION_REFUSED @ http://localhost:8787/api/companies/9a7cf1f3-02a7-4751-9cdb-671c9c68edb5/live-runs:0
[  357493ms] [ERROR] Failed to load resource: net::ERR_CONNECTION_REFUSED @ http://localhost:8787/api/companies/9a7cf1f3-02a7-4751-9cdb-671c9c68edb5/live-runs:0
[  360500ms] [ERROR] WebSocket connection to 'ws://localhost:8787/api/companies/9a7cf1f3-02a7-4751-9cdb-671c9c68edb5/events/ws' failed: Error during WebSocket handshake: Unexpected response code: 501 @ http://localhost:8787/assets/index-D28lQfO3.js:508
[  375506ms] [ERROR] WebSocket connection to 'ws://localhost:8787/api/companies/9a7cf1f3-02a7-4751-9cdb-671c9c68edb5/events/ws' failed: Error during WebSocket handshake: Unexpected response code: 501 @ http://localhost:8787/assets/index-D28lQfO3.js:508
[  390514ms] [ERROR] WebSocket connection to 'ws://localhost:8787/api/companies/9a7cf1f3-02a7-4751-9cdb-671c9c68edb5/events/ws' failed: Error during WebSocket handshake: Unexpected response code: 501 @ http://localhost:8787/assets/index-D28lQfO3.js:508
[  405518ms] [ERROR] WebSocket connection to 'ws://localhost:8787/api/companies/9a7cf1f3-02a7-4751-9cdb-671c9c68edb5/events/ws' failed: Error during WebSocket handshake: Unexpected response code: 501 @ http://localhost:8787/assets/index-D28lQfO3.js:508
[  420525ms] [ERROR] WebSocket connection to 'ws://localhost:8787/api/companies/9a7cf1f3-02a7-4751-9cdb-671c9c68edb5/events/ws' failed: Error during WebSocket handshake: Unexpected response code: 501 @ http://localhost:8787/assets/index-D28lQfO3.js:508
[  427588ms] [ERROR] Failed to load resource: net::ERR_CONNECTION_REFUSED @ http://localhost:8787/api/companies/9a7cf1f3-02a7-4751-9cdb-671c9c68edb5/sidebar-badges:0
[  427683ms] [ERROR] Failed to load resource: net::ERR_CONNECTION_REFUSED @ http://localhost:8787/api/companies/9a7cf1f3-02a7-4751-9cdb-671c9c68edb5/live-runs:0
[  428591ms] [ERROR] Failed to load resource: net::ERR_CONNECTION_REFUSED @ http://localhost:8787/api/companies/9a7cf1f3-02a7-4751-9cdb-671c9c68edb5/sidebar-badges:0
[  428685ms] [ERROR] Failed to load resource: net::ERR_CONNECTION_REFUSED @ http://localhost:8787/api/companies/9a7cf1f3-02a7-4751-9cdb-671c9c68edb5/live-runs:0
[  430594ms] [ERROR] Failed to load resource: net::ERR_CONNECTION_REFUSED @ http://localhost:8787/api/companies/9a7cf1f3-02a7-4751-9cdb-671c9c68edb5/sidebar-badges:0
[  430689ms] [ERROR] Failed to load resource: net::ERR_CONNECTION_REFUSED @ http://localhost:8787/api/companies/9a7cf1f3-02a7-4751-9cdb-671c9c68edb5/live-runs:0
[  434596ms] [ERROR] Failed to load resource: net::ERR_CONNECTION_REFUSED @ http://localhost:8787/api/companies/9a7cf1f3-02a7-4751-9cdb-671c9c68edb5/sidebar-badges:0
[  434692ms] [ERROR] Failed to load resource: net::ERR_CONNECTION_REFUSED @ http://localhost:8787/api/companies/9a7cf1f3-02a7-4751-9cdb-671c9c68edb5/live-runs:0
[  435529ms] [ERROR] WebSocket connection to 'ws://localhost:8787/api/companies/9a7cf1f3-02a7-4751-9cdb-671c9c68edb5/events/ws' failed: Error in connection establishment: net::ERR_CONNECTION_REFUSED @ http://localhost:8787/assets/index-D28lQfO3.js:508
[  444695ms] [ERROR] Failed to load resource: net::ERR_CONNECTION_REFUSED @ http://localhost:8787/api/companies/9a7cf1f3-02a7-4751-9cdb-671c9c68edb5/live-runs:0
[  445698ms] [ERROR] Failed to load resource: net::ERR_CONNECTION_REFUSED @ http://localhost:8787/api/companies/9a7cf1f3-02a7-4751-9cdb-671c9c68edb5/live-runs:0
[  447700ms] [ERROR] Failed to load resource: net::ERR_CONNECTION_REFUSED @ http://localhost:8787/api/companies/9a7cf1f3-02a7-4751-9cdb-671c9c68edb5/live-runs:0
[  449600ms] [ERROR] Failed to load resource: net::ERR_CONNECTION_REFUSED @ http://localhost:8787/api/companies/9a7cf1f3-02a7-4751-9cdb-671c9c68edb5/sidebar-badges:0
[  450535ms] [ERROR] WebSocket connection to 'ws://localhost:8787/api/companies/9a7cf1f3-02a7-4751-9cdb-671c9c68edb5/events/ws' failed: Error in connection establishment: net::ERR_CONNECTION_REFUSED @ http://localhost:8787/assets/index-D28lQfO3.js:508
[  450602ms] [ERROR] Failed to load resource: net::ERR_CONNECTION_REFUSED @ http://localhost:8787/api/companies/9a7cf1f3-02a7-4751-9cdb-671c9c68edb5/sidebar-badges:0
[  451702ms] [ERROR] Failed to load resource: net::ERR_CONNECTION_REFUSED @ http://localhost:8787/api/companies/9a7cf1f3-02a7-4751-9cdb-671c9c68edb5/live-runs:0
[  452605ms] [ERROR] Failed to load resource: net::ERR_CONNECTION_REFUSED @ http://localhost:8787/api/companies/9a7cf1f3-02a7-4751-9cdb-671c9c68edb5/sidebar-badges:0
[  456607ms] [ERROR] Failed to load resource: net::ERR_CONNECTION_REFUSED @ http://localhost:8787/api/companies/9a7cf1f3-02a7-4751-9cdb-671c9c68edb5/sidebar-badges:0
[  461706ms] [ERROR] Failed to load resource: net::ERR_CONNECTION_REFUSED @ http://localhost:8787/api/companies/9a7cf1f3-02a7-4751-9cdb-671c9c68edb5/live-runs:0
[  462708ms] [ERROR] Failed to load resource: net::ERR_CONNECTION_REFUSED @ http://localhost:8787/api/companies/9a7cf1f3-02a7-4751-9cdb-671c9c68edb5/live-runs:0
[  464711ms] [ERROR] Failed to load resource: net::ERR_CONNECTION_REFUSED @ http://localhost:8787/api/companies/9a7cf1f3-02a7-4751-9cdb-671c9c68edb5/live-runs:0
[  465540ms] [ERROR] WebSocket connection to 'ws://localhost:8787/api/companies/9a7cf1f3-02a7-4751-9cdb-671c9c68edb5/events/ws' failed: Error in connection establishment: net::ERR_CONNECTION_REFUSED @ http://localhost:8787/assets/index-D28lQfO3.js:508
[  468713ms] [ERROR] Failed to load resource: net::ERR_CONNECTION_REFUSED @ http://localhost:8787/api/companies/9a7cf1f3-02a7-4751-9cdb-671c9c68edb5/live-runs:0
[  471610ms] [ERROR] Failed to load resource: net::ERR_CONNECTION_REFUSED @ http://localhost:8787/api/companies/9a7cf1f3-02a7-4751-9cdb-671c9c68edb5/sidebar-badges:0
[  472612ms] [ERROR] Failed to load resource: net::ERR_CONNECTION_REFUSED @ http://localhost:8787/api/companies/9a7cf1f3-02a7-4751-9cdb-671c9c68edb5/sidebar-badges:0
[  474615ms] [ERROR] Failed to load resource: net::ERR_CONNECTION_REFUSED @ http://localhost:8787/api/companies/9a7cf1f3-02a7-4751-9cdb-671c9c68edb5/sidebar-badges:0
[  478618ms] [ERROR] Failed to load resource: net::ERR_CONNECTION_REFUSED @ http://localhost:8787/api/companies/9a7cf1f3-02a7-4751-9cdb-671c9c68edb5/sidebar-badges:0
[  478716ms] [ERROR] Failed to load resource: net::ERR_CONNECTION_REFUSED @ http://localhost:8787/api/companies/9a7cf1f3-02a7-4751-9cdb-671c9c68edb5/live-runs:0
[  479719ms] [ERROR] Failed to load resource: net::ERR_CONNECTION_REFUSED @ http://localhost:8787/api/companies/9a7cf1f3-02a7-4751-9cdb-671c9c68edb5/live-runs:0
[  480560ms] [ERROR] WebSocket connection to 'ws://localhost:8787/api/companies/9a7cf1f3-02a7-4751-9cdb-671c9c68edb5/events/ws' failed: Error in connection establishment: net::ERR_CONNECTION_REFUSED @ http://localhost:8787/assets/index-D28lQfO3.js:508
[  481722ms] [ERROR] Failed to load resource: net::ERR_CONNECTION_REFUSED @ http://localhost:8787/api/companies/9a7cf1f3-02a7-4751-9cdb-671c9c68edb5/live-runs:0
[  485724ms] [ERROR] Failed to load resource: net::ERR_CONNECTION_REFUSED @ http://localhost:8787/api/companies/9a7cf1f3-02a7-4751-9cdb-671c9c68edb5/live-runs:0
[  493621ms] [ERROR] Failed to load resource: net::ERR_CONNECTION_REFUSED @ http://localhost:8787/api/companies/9a7cf1f3-02a7-4751-9cdb-671c9c68edb5/sidebar-badges:0
[  494623ms] [ERROR] Failed to load resource: net::ERR_CONNECTION_REFUSED @ http://localhost:8787/api/companies/9a7cf1f3-02a7-4751-9cdb-671c9c68edb5/sidebar-badges:0
[  495562ms] [ERROR] WebSocket connection to 'ws://localhost:8787/api/companies/9a7cf1f3-02a7-4751-9cdb-671c9c68edb5/events/ws' failed: Error in connection establishment: net::ERR_CONNECTION_REFUSED @ http://localhost:8787/assets/index-D28lQfO3.js:508
[  495727ms] [ERROR] Failed to load resource: net::ERR_CONNECTION_REFUSED @ http://localhost:8787/api/companies/9a7cf1f3-02a7-4751-9cdb-671c9c68edb5/live-runs:0
[  496626ms] [ERROR] Failed to load resource: net::ERR_CONNECTION_REFUSED @ http://localhost:8787/api/companies/9a7cf1f3-02a7-4751-9cdb-671c9c68edb5/sidebar-badges:0
[  496729ms] [ERROR] Failed to load resource: net::ERR_CONNECTION_REFUSED @ http://localhost:8787/api/companies/9a7cf1f3-02a7-4751-9cdb-671c9c68edb5/live-runs:0
[  498731ms] [ERROR] Failed to load resource: net::ERR_CONNECTION_REFUSED @ http://localhost:8787/api/companies/9a7cf1f3-02a7-4751-9cdb-671c9c68edb5/live-runs:0
[  500629ms] [ERROR] Failed to load resource: net::ERR_CONNECTION_REFUSED @ http://localhost:8787/api/companies/9a7cf1f3-02a7-4751-9cdb-671c9c68edb5/sidebar-badges:0
[  502733ms] [ERROR] Failed to load resource: net::ERR_CONNECTION_REFUSED @ http://localhost:8787/api/companies/9a7cf1f3-02a7-4751-9cdb-671c9c68edb5/live-runs:0
[  510564ms] [ERROR] WebSocket connection to 'ws://localhost:8787/api/companies/9a7cf1f3-02a7-4751-9cdb-671c9c68edb5/events/ws' failed: Error in connection establishment: net::ERR_CONNECTION_REFUSED @ http://localhost:8787/assets/index-D28lQfO3.js:508
[  512735ms] [ERROR] Failed to load resource: net::ERR_CONNECTION_REFUSED @ http://localhost:8787/api/companies/9a7cf1f3-02a7-4751-9cdb-671c9c68edb5/live-runs:0
[  513738ms] [ERROR] Failed to load resource: net::ERR_CONNECTION_REFUSED @ http://localhost:8787/api/companies/9a7cf1f3-02a7-4751-9cdb-671c9c68edb5/live-runs:0
[  515633ms] [ERROR] Failed to load resource: net::ERR_CONNECTION_REFUSED @ http://localhost:8787/api/companies/9a7cf1f3-02a7-4751-9cdb-671c9c68edb5/sidebar-badges:0
[  515740ms] [ERROR] Failed to load resource: net::ERR_CONNECTION_REFUSED @ http://localhost:8787/api/companies/9a7cf1f3-02a7-4751-9cdb-671c9c68edb5/live-runs:0
[  516636ms] [ERROR] Failed to load resource: net::ERR_CONNECTION_REFUSED @ http://localhost:8787/api/companies/9a7cf1f3-02a7-4751-9cdb-671c9c68edb5/sidebar-badges:0
[  518639ms] [ERROR] Failed to load resource: net::ERR_CONNECTION_REFUSED @ http://localhost:8787/api/companies/9a7cf1f3-02a7-4751-9cdb-671c9c68edb5/sidebar-badges:0
[  519743ms] [ERROR] Failed to load resource: net::ERR_CONNECTION_REFUSED @ http://localhost:8787/api/companies/9a7cf1f3-02a7-4751-9cdb-671c9c68edb5/live-runs:0
[  522642ms] [ERROR] Failed to load resource: net::ERR_CONNECTION_REFUSED @ http://localhost:8787/api/companies/9a7cf1f3-02a7-4751-9cdb-671c9c68edb5/sidebar-badges:0
[  525566ms] [ERROR] WebSocket connection to 'ws://localhost:8787/api/companies/9a7cf1f3-02a7-4751-9cdb-671c9c68edb5/events/ws' failed: Error in connection establishment: net::ERR_CONNECTION_REFUSED @ http://localhost:8787/assets/index-D28lQfO3.js:508
[  529746ms] [ERROR] Failed to load resource: net::ERR_CONNECTION_REFUSED @ http://localhost:8787/api/companies/9a7cf1f3-02a7-4751-9cdb-671c9c68edb5/live-runs:0
[  530749ms] [ERROR] Failed to load resource: net::ERR_CONNECTION_REFUSED @ http://localhost:8787/api/companies/9a7cf1f3-02a7-4751-9cdb-671c9c68edb5/live-runs:0
[  532752ms] [ERROR] Failed to load resource: net::ERR_CONNECTION_REFUSED @ http://localhost:8787/api/companies/9a7cf1f3-02a7-4751-9cdb-671c9c68edb5/live-runs:0
[  536755ms] [ERROR] Failed to load resource: net::ERR_CONNECTION_REFUSED @ http://localhost:8787/api/companies/9a7cf1f3-02a7-4751-9cdb-671c9c68edb5/live-runs:0
[  537644ms] [ERROR] Failed to load resource: net::ERR_CONNECTION_REFUSED @ http://localhost:8787/api/companies/9a7cf1f3-02a7-4751-9cdb-671c9c68edb5/sidebar-badges:0
[  538647ms] [ERROR] Failed to load resource: net::ERR_CONNECTION_REFUSED @ http://localhost:8787/api/companies/9a7cf1f3-02a7-4751-9cdb-671c9c68edb5/sidebar-badges:0
[  540569ms] [ERROR] WebSocket connection to 'ws://localhost:8787/api/companies/9a7cf1f3-02a7-4751-9cdb-671c9c68edb5/events/ws' failed: Error in connection establishment: net::ERR_CONNECTION_REFUSED @ http://localhost:8787/assets/index-D28lQfO3.js:508
[  540649ms] [ERROR] Failed to load resource: net::ERR_CONNECTION_REFUSED @ http://localhost:8787/api/companies/9a7cf1f3-02a7-4751-9cdb-671c9c68edb5/sidebar-badges:0
[  544651ms] [ERROR] Failed to load resource: net::ERR_CONNECTION_REFUSED @ http://localhost:8787/api/companies/9a7cf1f3-02a7-4751-9cdb-671c9c68edb5/sidebar-badges:0
[  546758ms] [ERROR] Failed to load resource: net::ERR_CONNECTION_REFUSED @ http://localhost:8787/api/companies/9a7cf1f3-02a7-4751-9cdb-671c9c68edb5/live-runs:0
[  547761ms] [ERROR] Failed to load resource: net::ERR_CONNECTION_REFUSED @ http://localhost:8787/api/companies/9a7cf1f3-02a7-4751-9cdb-671c9c68edb5/live-runs:0
[  549763ms] [ERROR] Failed to load resource: net::ERR_CONNECTION_REFUSED @ http://localhost:8787/api/companies/9a7cf1f3-02a7-4751-9cdb-671c9c68edb5/live-runs:0
[  553768ms] [ERROR] Failed to load resource: net::ERR_CONNECTION_REFUSED @ http://localhost:8787/api/companies/9a7cf1f3-02a7-4751-9cdb-671c9c68edb5/live-runs:0
[  555574ms] [ERROR] WebSocket connection to 'ws://localhost:8787/api/companies/9a7cf1f3-02a7-4751-9cdb-671c9c68edb5/events/ws' failed: Error in connection establishment: net::ERR_CONNECTION_REFUSED @ http://localhost:8787/assets/index-D28lQfO3.js:508
[  559654ms] [ERROR] Failed to load resource: net::ERR_CONNECTION_REFUSED @ http://localhost:8787/api/companies/9a7cf1f3-02a7-4751-9cdb-671c9c68edb5/sidebar-badges:0
[  560657ms] [ERROR] Failed to load resource: net::ERR_CONNECTION_REFUSED @ http://localhost:8787/api/companies/9a7cf1f3-02a7-4751-9cdb-671c9c68edb5/sidebar-badges:0
[  562660ms] [ERROR] Failed to load resource: net::ERR_CONNECTION_REFUSED @ http://localhost:8787/api/companies/9a7cf1f3-02a7-4751-9cdb-671c9c68edb5/sidebar-badges:0
[  563771ms] [ERROR] Failed to load resource: net::ERR_CONNECTION_REFUSED @ http://localhost:8787/api/companies/9a7cf1f3-02a7-4751-9cdb-671c9c68edb5/live-runs:0
[  564773ms] [ERROR] Failed to load resource: net::ERR_CONNECTION_REFUSED @ http://localhost:8787/api/companies/9a7cf1f3-02a7-4751-9cdb-671c9c68edb5/live-runs:0
[  566662ms] [ERROR] Failed to load resource: net::ERR_CONNECTION_REFUSED @ http://localhost:8787/api/companies/9a7cf1f3-02a7-4751-9cdb-671c9c68edb5/sidebar-badges:0
[  566776ms] [ERROR] Failed to load resource: net::ERR_CONNECTION_REFUSED @ http://localhost:8787/api/companies/9a7cf1f3-02a7-4751-9cdb-671c9c68edb5/live-runs:0
[  570581ms] [ERROR] WebSocket connection to 'ws://localhost:8787/api/companies/9a7cf1f3-02a7-4751-9cdb-671c9c68edb5/events/ws' failed: Error in connection establishment: net::ERR_CONNECTION_REFUSED @ http://localhost:8787/assets/index-D28lQfO3.js:508
[  570780ms] [ERROR] Failed to load resource: net::ERR_CONNECTION_REFUSED @ http://localhost:8787/api/companies/9a7cf1f3-02a7-4751-9cdb-671c9c68edb5/live-runs:0
[  580782ms] [ERROR] Failed to load resource: net::ERR_CONNECTION_REFUSED @ http://localhost:8787/api/companies/9a7cf1f3-02a7-4751-9cdb-671c9c68edb5/live-runs:0
[  581665ms] [ERROR] Failed to load resource: net::ERR_CONNECTION_REFUSED @ http://localhost:8787/api/companies/9a7cf1f3-02a7-4751-9cdb-671c9c68edb5/sidebar-badges:0
[  581785ms] [ERROR] Failed to load resource: net::ERR_CONNECTION_REFUSED @ http://localhost:8787/api/companies/9a7cf1f3-02a7-4751-9cdb-671c9c68edb5/live-runs:0
[  582668ms] [ERROR] Failed to load resource: net::ERR_CONNECTION_REFUSED @ http://localhost:8787/api/companies/9a7cf1f3-02a7-4751-9cdb-671c9c68edb5/sidebar-badges:0
[  583788ms] [ERROR] Failed to load resource: net::ERR_CONNECTION_REFUSED @ http://localhost:8787/api/companies/9a7cf1f3-02a7-4751-9cdb-671c9c68edb5/live-runs:0
[  584671ms] [ERROR] Failed to load resource: net::ERR_CONNECTION_REFUSED @ http://localhost:8787/api/companies/9a7cf1f3-02a7-4751-9cdb-671c9c68edb5/sidebar-badges:0
[  585593ms] [ERROR] WebSocket connection to 'ws://localhost:8787/api/companies/9a7cf1f3-02a7-4751-9cdb-671c9c68edb5/events/ws' failed: Error in connection establishment: net::ERR_CONNECTION_REFUSED @ http://localhost:8787/assets/index-D28lQfO3.js:508
[  587791ms] [ERROR] Failed to load resource: net::ERR_CONNECTION_REFUSED @ http://localhost:8787/api/companies/9a7cf1f3-02a7-4751-9cdb-671c9c68edb5/live-runs:0
[  588673ms] [ERROR] Failed to load resource: net::ERR_CONNECTION_REFUSED @ http://localhost:8787/api/companies/9a7cf1f3-02a7-4751-9cdb-671c9c68edb5/sidebar-badges:0
[  597795ms] [ERROR] Failed to load resource: net::ERR_CONNECTION_REFUSED @ http://localhost:8787/api/companies/9a7cf1f3-02a7-4751-9cdb-671c9c68edb5/live-runs:0
[  598797ms] [ERROR] Failed to load resource: net::ERR_CONNECTION_REFUSED @ http://localhost:8787/api/companies/9a7cf1f3-02a7-4751-9cdb-671c9c68edb5/live-runs:0
[  600607ms] [ERROR] WebSocket connection to 'ws://localhost:8787/api/companies/9a7cf1f3-02a7-4751-9cdb-671c9c68edb5/events/ws' failed: Error in connection establishment: net::ERR_CONNECTION_REFUSED @ http://localhost:8787/assets/index-D28lQfO3.js:508
[  600799ms] [ERROR] Failed to load resource: net::ERR_CONNECTION_REFUSED @ http://localhost:8787/api/companies/9a7cf1f3-02a7-4751-9cdb-671c9c68edb5/live-runs:0
[  603677ms] [ERROR] Failed to load resource: net::ERR_CONNECTION_REFUSED @ http://localhost:8787/api/companies/9a7cf1f3-02a7-4751-9cdb-671c9c68edb5/sidebar-badges:0
[  604680ms] [ERROR] Failed to load resource: net::ERR_CONNECTION_REFUSED @ http://localhost:8787/api/companies/9a7cf1f3-02a7-4751-9cdb-671c9c68edb5/sidebar-badges:0
[  604802ms] [ERROR] Failed to load resource: net::ERR_CONNECTION_REFUSED @ http://localhost:8787/api/companies/9a7cf1f3-02a7-4751-9cdb-671c9c68edb5/live-runs:0
[  606683ms] [ERROR] Failed to load resource: net::ERR_CONNECTION_REFUSED @ http://localhost:8787/api/companies/9a7cf1f3-02a7-4751-9cdb-671c9c68edb5/sidebar-badges:0
[  610686ms] [ERROR] Failed to load resource: net::ERR_CONNECTION_REFUSED @ http://localhost:8787/api/companies/9a7cf1f3-02a7-4751-9cdb-671c9c68edb5/sidebar-badges:0
[  614805ms] [ERROR] Failed to load resource: net::ERR_CONNECTION_REFUSED @ http://localhost:8787/api/companies/9a7cf1f3-02a7-4751-9cdb-671c9c68edb5/live-runs:0
[  615609ms] [ERROR] WebSocket connection to 'ws://localhost:8787/api/companies/9a7cf1f3-02a7-4751-9cdb-671c9c68edb5/events/ws' failed: Error in connection establishment: net::ERR_CONNECTION_REFUSED @ http://localhost:8787/assets/index-D28lQfO3.js:508
[  615808ms] [ERROR] Failed to load resource: net::ERR_CONNECTION_REFUSED @ http://localhost:8787/api/companies/9a7cf1f3-02a7-4751-9cdb-671c9c68edb5/live-runs:0
[  617814ms] [ERROR] Failed to load resource: net::ERR_CONNECTION_REFUSED @ http://localhost:8787/api/companies/9a7cf1f3-02a7-4751-9cdb-671c9c68edb5/live-runs:0
[  621817ms] [ERROR] Failed to load resource: net::ERR_CONNECTION_REFUSED @ http://localhost:8787/api/companies/9a7cf1f3-02a7-4751-9cdb-671c9c68edb5/live-runs:0
[  625688ms] [ERROR] Failed to load resource: net::ERR_CONNECTION_REFUSED @ http://localhost:8787/api/companies/9a7cf1f3-02a7-4751-9cdb-671c9c68edb5/sidebar-badges:0
[  626691ms] [ERROR] Failed to load resource: net::ERR_CONNECTION_REFUSED @ http://localhost:8787/api/companies/9a7cf1f3-02a7-4751-9cdb-671c9c68edb5/sidebar-badges:0
[  628693ms] [ERROR] Failed to load resource: net::ERR_CONNECTION_REFUSED @ http://localhost:8787/api/companies/9a7cf1f3-02a7-4751-9cdb-671c9c68edb5/sidebar-badges:0
[  630611ms] [ERROR] WebSocket connection to 'ws://localhost:8787/api/companies/9a7cf1f3-02a7-4751-9cdb-671c9c68edb5/events/ws' failed: Error in connection establishment: net::ERR_CONNECTION_REFUSED @ http://localhost:8787/assets/index-D28lQfO3.js:508
[  631820ms] [ERROR] Failed to load resource: net::ERR_CONNECTION_REFUSED @ http://localhost:8787/api/companies/9a7cf1f3-02a7-4751-9cdb-671c9c68edb5/live-runs:0
[  632696ms] [ERROR] Failed to load resource: net::ERR_CONNECTION_REFUSED @ http://localhost:8787/api/companies/9a7cf1f3-02a7-4751-9cdb-671c9c68edb5/sidebar-badges:0
[  632822ms] [ERROR] Failed to load resource: net::ERR_CONNECTION_REFUSED @ http://localhost:8787/api/companies/9a7cf1f3-02a7-4751-9cdb-671c9c68edb5/live-runs:0
[  634825ms] [ERROR] Failed to load resource: net::ERR_CONNECTION_REFUSED @ http://localhost:8787/api/companies/9a7cf1f3-02a7-4751-9cdb-671c9c68edb5/live-runs:0
[  638828ms] [ERROR] Failed to load resource: net::ERR_CONNECTION_REFUSED @ http://localhost:8787/api/companies/9a7cf1f3-02a7-4751-9cdb-671c9c68edb5/live-runs:0
[  645614ms] [ERROR] WebSocket connection to 'ws://localhost:8787/api/companies/9a7cf1f3-02a7-4751-9cdb-671c9c68edb5/events/ws' failed: Error in connection establishment: net::ERR_CONNECTION_REFUSED @ http://localhost:8787/assets/index-D28lQfO3.js:508
[  647699ms] [ERROR] Failed to load resource: net::ERR_CONNECTION_REFUSED @ http://localhost:8787/api/companies/9a7cf1f3-02a7-4751-9cdb-671c9c68edb5/sidebar-badges:0
[  648702ms] [ERROR] Failed to load resource: net::ERR_CONNECTION_REFUSED @ http://localhost:8787/api/companies/9a7cf1f3-02a7-4751-9cdb-671c9c68edb5/sidebar-badges:0
[  648831ms] [ERROR] Failed to load resource: net::ERR_CONNECTION_REFUSED @ http://localhost:8787/api/companies/9a7cf1f3-02a7-4751-9cdb-671c9c68edb5/live-runs:0
[  649834ms] [ERROR] Failed to load resource: net::ERR_CONNECTION_REFUSED @ http://localhost:8787/api/companies/9a7cf1f3-02a7-4751-9cdb-671c9c68edb5/live-runs:0
[  650705ms] [ERROR] Failed to load resource: net::ERR_CONNECTION_REFUSED @ http://localhost:8787/api/companies/9a7cf1f3-02a7-4751-9cdb-671c9c68edb5/sidebar-badges:0
[  651837ms] [ERROR] Failed to load resource: net::ERR_CONNECTION_REFUSED @ http://localhost:8787/api/companies/9a7cf1f3-02a7-4751-9cdb-671c9c68edb5/live-runs:0
[  654708ms] [ERROR] Failed to load resource: net::ERR_CONNECTION_REFUSED @ http://localhost:8787/api/companies/9a7cf1f3-02a7-4751-9cdb-671c9c68edb5/sidebar-badges:0
[  655839ms] [ERROR] Failed to load resource: net::ERR_CONNECTION_REFUSED @ http://localhost:8787/api/companies/9a7cf1f3-02a7-4751-9cdb-671c9c68edb5/live-runs:0
[  660616ms] [ERROR] WebSocket connection to 'ws://localhost:8787/api/companies/9a7cf1f3-02a7-4751-9cdb-671c9c68edb5/events/ws' failed: Error in connection establishment: net::ERR_CONNECTION_REFUSED @ http://localhost:8787/assets/index-D28lQfO3.js:508
[  665843ms] [ERROR] Failed to load resource: net::ERR_CONNECTION_REFUSED @ http://localhost:8787/api/companies/9a7cf1f3-02a7-4751-9cdb-671c9c68edb5/live-runs:0
[  666846ms] [ERROR] Failed to load resource: net::ERR_CONNECTION_REFUSED @ http://localhost:8787/api/companies/9a7cf1f3-02a7-4751-9cdb-671c9c68edb5/live-runs:0
[  668848ms] [ERROR] Failed to load resource: net::ERR_CONNECTION_REFUSED @ http://localhost:8787/api/companies/9a7cf1f3-02a7-4751-9cdb-671c9c68edb5/live-runs:0
[  669711ms] [ERROR] Failed to load resource: net::ERR_CONNECTION_REFUSED @ http://localhost:8787/api/companies/9a7cf1f3-02a7-4751-9cdb-671c9c68edb5/sidebar-badges:0
[  670713ms] [ERROR] Failed to load resource: net::ERR_CONNECTION_REFUSED @ http://localhost:8787/api/companies/9a7cf1f3-02a7-4751-9cdb-671c9c68edb5/sidebar-badges:0
[  672716ms] [ERROR] Failed to load resource: net::ERR_CONNECTION_REFUSED @ http://localhost:8787/api/companies/9a7cf1f3-02a7-4751-9cdb-671c9c68edb5/sidebar-badges:0
[  672851ms] [ERROR] Failed to load resource: net::ERR_CONNECTION_REFUSED @ http://localhost:8787/api/companies/9a7cf1f3-02a7-4751-9cdb-671c9c68edb5/live-runs:0
[  675619ms] [ERROR] WebSocket connection to 'ws://localhost:8787/api/companies/9a7cf1f3-02a7-4751-9cdb-671c9c68edb5/events/ws' failed: Error in connection establishment: net::ERR_CONNECTION_REFUSED @ http://localhost:8787/assets/index-D28lQfO3.js:508
[  676719ms] [ERROR] Failed to load resource: net::ERR_CONNECTION_REFUSED @ http://localhost:8787/api/companies/9a7cf1f3-02a7-4751-9cdb-671c9c68edb5/sidebar-badges:0
[  682854ms] [ERROR] Failed to load resource: net::ERR_CONNECTION_REFUSED @ http://localhost:8787/api/companies/9a7cf1f3-02a7-4751-9cdb-671c9c68edb5/live-runs:0
[  683856ms] [ERROR] Failed to load resource: net::ERR_CONNECTION_REFUSED @ http://localhost:8787/api/companies/9a7cf1f3-02a7-4751-9cdb-671c9c68edb5/live-runs:0
[  685859ms] [ERROR] Failed to load resource: net::ERR_CONNECTION_REFUSED @ http://localhost:8787/api/companies/9a7cf1f3-02a7-4751-9cdb-671c9c68edb5/live-runs:0
[  689862ms] [ERROR] Failed to load resource: net::ERR_CONNECTION_REFUSED @ http://localhost:8787/api/companies/9a7cf1f3-02a7-4751-9cdb-671c9c68edb5/live-runs:0
[  690626ms] [ERROR] WebSocket connection to 'ws://localhost:8787/api/companies/9a7cf1f3-02a7-4751-9cdb-671c9c68edb5/events/ws' failed: Error in connection establishment: net::ERR_CONNECTION_REFUSED @ http://localhost:8787/assets/index-D28lQfO3.js:508
[  691722ms] [ERROR] Failed to load resource: net::ERR_CONNECTION_REFUSED @ http://localhost:8787/api/companies/9a7cf1f3-02a7-4751-9cdb-671c9c68edb5/sidebar-badges:0
[  692724ms] [ERROR] Failed to load resource: net::ERR_CONNECTION_REFUSED @ http://localhost:8787/api/companies/9a7cf1f3-02a7-4751-9cdb-671c9c68edb5/sidebar-badges:0
[  694727ms] [ERROR] Failed to load resource: net::ERR_CONNECTION_REFUSED @ http://localhost:8787/api/companies/9a7cf1f3-02a7-4751-9cdb-671c9c68edb5/sidebar-badges:0
[  698729ms] [ERROR] Failed to load resource: net::ERR_CONNECTION_REFUSED @ http://localhost:8787/api/companies/9a7cf1f3-02a7-4751-9cdb-671c9c68edb5/sidebar-badges:0
[  699864ms] [ERROR] Failed to load resource: net::ERR_CONNECTION_REFUSED @ http://localhost:8787/api/companies/9a7cf1f3-02a7-4751-9cdb-671c9c68edb5/live-runs:0
[  700867ms] [ERROR] Failed to load resource: net::ERR_CONNECTION_REFUSED @ http://localhost:8787/api/companies/9a7cf1f3-02a7-4751-9cdb-671c9c68edb5/live-runs:0
[  702870ms] [ERROR] Failed to load resource: net::ERR_CONNECTION_REFUSED @ http://localhost:8787/api/companies/9a7cf1f3-02a7-4751-9cdb-671c9c68edb5/live-runs:0
[  705640ms] [ERROR] WebSocket connection to 'ws://localhost:8787/api/companies/9a7cf1f3-02a7-4751-9cdb-671c9c68edb5/events/ws' failed: Error in connection establishment: net::ERR_CONNECTION_REFUSED @ http://localhost:8787/assets/index-D28lQfO3.js:508
[  706873ms] [ERROR] Failed to load resource: net::ERR_CONNECTION_REFUSED @ http://localhost:8787/api/companies/9a7cf1f3-02a7-4751-9cdb-671c9c68edb5/live-runs:0
[  713733ms] [ERROR] Failed to load resource: net::ERR_CONNECTION_REFUSED @ http://localhost:8787/api/companies/9a7cf1f3-02a7-4751-9cdb-671c9c68edb5/sidebar-badges:0
[  714735ms] [ERROR] Failed to load resource: net::ERR_CONNECTION_REFUSED @ http://localhost:8787/api/companies/9a7cf1f3-02a7-4751-9cdb-671c9c68edb5/sidebar-badges:0
[  716738ms] [ERROR] Failed to load resource: net::ERR_CONNECTION_REFUSED @ http://localhost:8787/api/companies/9a7cf1f3-02a7-4751-9cdb-671c9c68edb5/sidebar-badges:0
[  716876ms] [ERROR] Failed to load resource: net::ERR_CONNECTION_REFUSED @ http://localhost:8787/api/companies/9a7cf1f3-02a7-4751-9cdb-671c9c68edb5/live-runs:0
[  717879ms] [ERROR] Failed to load resource: net::ERR_CONNECTION_REFUSED @ http://localhost:8787/api/companies/9a7cf1f3-02a7-4751-9cdb-671c9c68edb5/live-runs:0
[  719881ms] [ERROR] Failed to load resource: net::ERR_CONNECTION_REFUSED @ http://localhost:8787/api/companies/9a7cf1f3-02a7-4751-9cdb-671c9c68edb5/live-runs:0
[  720658ms] [ERROR] WebSocket connection to 'ws://localhost:8787/api/companies/9a7cf1f3-02a7-4751-9cdb-671c9c68edb5/events/ws' failed: Error in connection establishment: net::ERR_CONNECTION_REFUSED @ http://localhost:8787/assets/index-D28lQfO3.js:508
[  720741ms] [ERROR] Failed to load resource: net::ERR_CONNECTION_REFUSED @ http://localhost:8787/api/companies/9a7cf1f3-02a7-4751-9cdb-671c9c68edb5/sidebar-badges:0
[  723883ms] [ERROR] Failed to load resource: net::ERR_CONNECTION_REFUSED @ http://localhost:8787/api/companies/9a7cf1f3-02a7-4751-9cdb-671c9c68edb5/live-runs:0
[  733886ms] [ERROR] Failed to load resource: net::ERR_CONNECTION_REFUSED @ http://localhost:8787/api/companies/9a7cf1f3-02a7-4751-9cdb-671c9c68edb5/live-runs:0
[  734889ms] [ERROR] Failed to load resource: net::ERR_CONNECTION_REFUSED @ http://localhost:8787/api/companies/9a7cf1f3-02a7-4751-9cdb-671c9c68edb5/live-runs:0
[  735661ms] [ERROR] WebSocket connection to 'ws://localhost:8787/api/companies/9a7cf1f3-02a7-4751-9cdb-671c9c68edb5/events/ws' failed: Error in connection establishment: net::ERR_CONNECTION_REFUSED @ http://localhost:8787/assets/index-D28lQfO3.js:508
[  735743ms] [ERROR] Failed to load resource: net::ERR_CONNECTION_REFUSED @ http://localhost:8787/api/companies/9a7cf1f3-02a7-4751-9cdb-671c9c68edb5/sidebar-badges:0
[  736746ms] [ERROR] Failed to load resource: net::ERR_CONNECTION_REFUSED @ http://localhost:8787/api/companies/9a7cf1f3-02a7-4751-9cdb-671c9c68edb5/sidebar-badges:0
[  736892ms] [ERROR] Failed to load resource: net::ERR_CONNECTION_REFUSED @ http://localhost:8787/api/companies/9a7cf1f3-02a7-4751-9cdb-671c9c68edb5/live-runs:0
[  738749ms] [ERROR] Failed to load resource: net::ERR_CONNECTION_REFUSED @ http://localhost:8787/api/companies/9a7cf1f3-02a7-4751-9cdb-671c9c68edb5/sidebar-badges:0
[  740896ms] [ERROR] Failed to load resource: net::ERR_CONNECTION_REFUSED @ http://localhost:8787/api/companies/9a7cf1f3-02a7-4751-9cdb-671c9c68edb5/live-runs:0
[  742753ms] [ERROR] Failed to load resource: net::ERR_CONNECTION_REFUSED @ http://localhost:8787/api/companies/9a7cf1f3-02a7-4751-9cdb-671c9c68edb5/sidebar-badges:0
[  750663ms] [ERROR] WebSocket connection to 'ws://localhost:8787/api/companies/9a7cf1f3-02a7-4751-9cdb-671c9c68edb5/events/ws' failed: Error in connection establishment: net::ERR_CONNECTION_REFUSED @ http://localhost:8787/assets/index-D28lQfO3.js:508
[  750898ms] [ERROR] Failed to load resource: net::ERR_CONNECTION_REFUSED @ http://localhost:8787/api/companies/9a7cf1f3-02a7-4751-9cdb-671c9c68edb5/live-runs:0
[  751901ms] [ERROR] Failed to load resource: net::ERR_CONNECTION_REFUSED @ http://localhost:8787/api/companies/9a7cf1f3-02a7-4751-9cdb-671c9c68edb5/live-runs:0
[  753902ms] [ERROR] Failed to load resource: net::ERR_CONNECTION_REFUSED @ http://localhost:8787/api/companies/9a7cf1f3-02a7-4751-9cdb-671c9c68edb5/live-runs:0
[  757756ms] [ERROR] Failed to load resource: net::ERR_CONNECTION_REFUSED @ http://localhost:8787/api/companies/9a7cf1f3-02a7-4751-9cdb-671c9c68edb5/sidebar-badges:0
[  757906ms] [ERROR] Failed to load resource: net::ERR_CONNECTION_REFUSED @ http://localhost:8787/api/companies/9a7cf1f3-02a7-4751-9cdb-671c9c68edb5/live-runs:0
[  758759ms] [ERROR] Failed to load resource: net::ERR_CONNECTION_REFUSED @ http://localhost:8787/api/companies/9a7cf1f3-02a7-4751-9cdb-671c9c68edb5/sidebar-badges:0
[  760762ms] [ERROR] Failed to load resource: net::ERR_CONNECTION_REFUSED @ http://localhost:8787/api/companies/9a7cf1f3-02a7-4751-9cdb-671c9c68edb5/sidebar-badges:0
[  764765ms] [ERROR] Failed to load resource: net::ERR_CONNECTION_REFUSED @ http://localhost:8787/api/companies/9a7cf1f3-02a7-4751-9cdb-671c9c68edb5/sidebar-badges:0
[  765666ms] [ERROR] WebSocket connection to 'ws://localhost:8787/api/companies/9a7cf1f3-02a7-4751-9cdb-671c9c68edb5/events/ws' failed: Error in connection establishment: net::ERR_CONNECTION_REFUSED @ http://localhost:8787/assets/index-D28lQfO3.js:508
[  767909ms] [ERROR] Failed to load resource: net::ERR_CONNECTION_REFUSED @ http://localhost:8787/api/companies/9a7cf1f3-02a7-4751-9cdb-671c9c68edb5/live-runs:0
[  768912ms] [ERROR] Failed to load resource: net::ERR_CONNECTION_REFUSED @ http://localhost:8787/api/companies/9a7cf1f3-02a7-4751-9cdb-671c9c68edb5/live-runs:0
[  770914ms] [ERROR] Failed to load resource: net::ERR_CONNECTION_REFUSED @ http://localhost:8787/api/companies/9a7cf1f3-02a7-4751-9cdb-671c9c68edb5/live-runs:0
[  774917ms] [ERROR] Failed to load resource: net::ERR_CONNECTION_REFUSED @ http://localhost:8787/api/companies/9a7cf1f3-02a7-4751-9cdb-671c9c68edb5/live-runs:0
[  779768ms] [ERROR] Failed to load resource: net::ERR_CONNECTION_REFUSED @ http://localhost:8787/api/companies/9a7cf1f3-02a7-4751-9cdb-671c9c68edb5/sidebar-badges:0
[  780668ms] [ERROR] WebSocket connection to 'ws://localhost:8787/api/companies/9a7cf1f3-02a7-4751-9cdb-671c9c68edb5/events/ws' failed: Error in connection establishment: net::ERR_CONNECTION_REFUSED @ http://localhost:8787/assets/index-D28lQfO3.js:508
[  780771ms] [ERROR] Failed to load resource: net::ERR_CONNECTION_REFUSED @ http://localhost:8787/api/companies/9a7cf1f3-02a7-4751-9cdb-671c9c68edb5/sidebar-badges:0
[  782774ms] [ERROR] Failed to load resource: net::ERR_CONNECTION_REFUSED @ http://localhost:8787/api/companies/9a7cf1f3-02a7-4751-9cdb-671c9c68edb5/sidebar-badges:0
[  784920ms] [ERROR] Failed to load resource: net::ERR_CONNECTION_REFUSED @ http://localhost:8787/api/companies/9a7cf1f3-02a7-4751-9cdb-671c9c68edb5/live-runs:0
[  785922ms] [ERROR] Failed to load resource: net::ERR_CONNECTION_REFUSED @ http://localhost:8787/api/companies/9a7cf1f3-02a7-4751-9cdb-671c9c68edb5/live-runs:0
[  786776ms] [ERROR] Failed to load resource: net::ERR_CONNECTION_REFUSED @ http://localhost:8787/api/companies/9a7cf1f3-02a7-4751-9cdb-671c9c68edb5/sidebar-badges:0
[  787925ms] [ERROR] Failed to load resource: net::ERR_CONNECTION_REFUSED @ http://localhost:8787/api/companies/9a7cf1f3-02a7-4751-9cdb-671c9c68edb5/live-runs:0
[  791927ms] [ERROR] Failed to load resource: net::ERR_CONNECTION_REFUSED @ http://localhost:8787/api/companies/9a7cf1f3-02a7-4751-9cdb-671c9c68edb5/live-runs:0
[  795672ms] [ERROR] WebSocket connection to 'ws://localhost:8787/api/companies/9a7cf1f3-02a7-4751-9cdb-671c9c68edb5/events/ws' failed: Error in connection establishment: net::ERR_CONNECTION_REFUSED @ http://localhost:8787/assets/index-D28lQfO3.js:508
[  801779ms] [ERROR] Failed to load resource: net::ERR_CONNECTION_REFUSED @ http://localhost:8787/api/companies/9a7cf1f3-02a7-4751-9cdb-671c9c68edb5/sidebar-badges:0
[  801931ms] [ERROR] Failed to load resource: net::ERR_CONNECTION_REFUSED @ http://localhost:8787/api/companies/9a7cf1f3-02a7-4751-9cdb-671c9c68edb5/live-runs:0
[  802782ms] [ERROR] Failed to load resource: net::ERR_CONNECTION_REFUSED @ http://localhost:8787/api/companies/9a7cf1f3-02a7-4751-9cdb-671c9c68edb5/sidebar-badges:0
[  802933ms] [ERROR] Failed to load resource: net::ERR_CONNECTION_REFUSED @ http://localhost:8787/api/companies/9a7cf1f3-02a7-4751-9cdb-671c9c68edb5/live-runs:0
[  804784ms] [ERROR] Failed to load resource: net::ERR_CONNECTION_REFUSED @ http://localhost:8787/api/companies/9a7cf1f3-02a7-4751-9cdb-671c9c68edb5/sidebar-badges:0
[  804935ms] [ERROR] Failed to load resource: net::ERR_CONNECTION_REFUSED @ http://localhost:8787/api/companies/9a7cf1f3-02a7-4751-9cdb-671c9c68edb5/live-runs:0
[  808787ms] [ERROR] Failed to load resource: net::ERR_CONNECTION_REFUSED @ http://localhost:8787/api/companies/9a7cf1f3-02a7-4751-9cdb-671c9c68edb5/sidebar-badges:0
[  808938ms] [ERROR] Failed to load resource: net::ERR_CONNECTION_REFUSED @ http://localhost:8787/api/companies/9a7cf1f3-02a7-4751-9cdb-671c9c68edb5/live-runs:0
[  810678ms] [ERROR] WebSocket connection to 'ws://localhost:8787/api/companies/9a7cf1f3-02a7-4751-9cdb-671c9c68edb5/events/ws' failed: Error in connection establishment: net::ERR_CONNECTION_REFUSED @ http://localhost:8787/assets/index-D28lQfO3.js:508
[  818940ms] [ERROR] Failed to load resource: net::ERR_CONNECTION_REFUSED @ http://localhost:8787/api/companies/9a7cf1f3-02a7-4751-9cdb-671c9c68edb5/live-runs:0
[  819943ms] [ERROR] Failed to load resource: net::ERR_CONNECTION_REFUSED @ http://localhost:8787/api/companies/9a7cf1f3-02a7-4751-9cdb-671c9c68edb5/live-runs:0
[  821945ms] [ERROR] Failed to load resource: net::ERR_CONNECTION_REFUSED @ http://localhost:8787/api/companies/9a7cf1f3-02a7-4751-9cdb-671c9c68edb5/live-runs:0
[  823790ms] [ERROR] Failed to load resource: net::ERR_CONNECTION_REFUSED @ http://localhost:8787/api/companies/9a7cf1f3-02a7-4751-9cdb-671c9c68edb5/sidebar-badges:0
[  824793ms] [ERROR] Failed to load resource: net::ERR_CONNECTION_REFUSED @ http://localhost:8787/api/companies/9a7cf1f3-02a7-4751-9cdb-671c9c68edb5/sidebar-badges:0
[  825689ms] [ERROR] WebSocket connection to 'ws://localhost:8787/api/companies/9a7cf1f3-02a7-4751-9cdb-671c9c68edb5/events/ws' failed: Error in connection establishment: net::ERR_CONNECTION_REFUSED @ http://localhost:8787/assets/index-D28lQfO3.js:508
[  825948ms] [ERROR] Failed to load resource: net::ERR_CONNECTION_REFUSED @ http://localhost:8787/api/companies/9a7cf1f3-02a7-4751-9cdb-671c9c68edb5/live-runs:0
[  826796ms] [ERROR] Failed to load resource: net::ERR_CONNECTION_REFUSED @ http://localhost:8787/api/companies/9a7cf1f3-02a7-4751-9cdb-671c9c68edb5/sidebar-badges:0
[  830798ms] [ERROR] Failed to load resource: net::ERR_CONNECTION_REFUSED @ http://localhost:8787/api/companies/9a7cf1f3-02a7-4751-9cdb-671c9c68edb5/sidebar-badges:0
[  835951ms] [ERROR] Failed to load resource: net::ERR_CONNECTION_REFUSED @ http://localhost:8787/api/companies/9a7cf1f3-02a7-4751-9cdb-671c9c68edb5/live-runs:0
[  836954ms] [ERROR] Failed to load resource: net::ERR_CONNECTION_REFUSED @ http://localhost:8787/api/companies/9a7cf1f3-02a7-4751-9cdb-671c9c68edb5/live-runs:0
[  838956ms] [ERROR] Failed to load resource: net::ERR_CONNECTION_REFUSED @ http://localhost:8787/api/companies/9a7cf1f3-02a7-4751-9cdb-671c9c68edb5/live-runs:0
[  840708ms] [ERROR] WebSocket connection to 'ws://localhost:8787/api/companies/9a7cf1f3-02a7-4751-9cdb-671c9c68edb5/events/ws' failed: Error in connection establishment: net::ERR_CONNECTION_REFUSED @ http://localhost:8787/assets/index-D28lQfO3.js:508
[  842959ms] [ERROR] Failed to load resource: net::ERR_CONNECTION_REFUSED @ http://localhost:8787/api/companies/9a7cf1f3-02a7-4751-9cdb-671c9c68edb5/live-runs:0
[  845802ms] [ERROR] Failed to load resource: net::ERR_CONNECTION_REFUSED @ http://localhost:8787/api/companies/9a7cf1f3-02a7-4751-9cdb-671c9c68edb5/sidebar-badges:0
[  846804ms] [ERROR] Failed to load resource: net::ERR_CONNECTION_REFUSED @ http://localhost:8787/api/companies/9a7cf1f3-02a7-4751-9cdb-671c9c68edb5/sidebar-badges:0
[  848806ms] [ERROR] Failed to load resource: net::ERR_CONNECTION_REFUSED @ http://localhost:8787/api/companies/9a7cf1f3-02a7-4751-9cdb-671c9c68edb5/sidebar-badges:0
[  852808ms] [ERROR] Failed to load resource: net::ERR_CONNECTION_REFUSED @ http://localhost:8787/api/companies/9a7cf1f3-02a7-4751-9cdb-671c9c68edb5/sidebar-badges:0
[  852962ms] [ERROR] Failed to load resource: net::ERR_CONNECTION_REFUSED @ http://localhost:8787/api/companies/9a7cf1f3-02a7-4751-9cdb-671c9c68edb5/live-runs:0
[  853964ms] [ERROR] Failed to load resource: net::ERR_CONNECTION_REFUSED @ http://localhost:8787/api/companies/9a7cf1f3-02a7-4751-9cdb-671c9c68edb5/live-runs:0
[  855711ms] [ERROR] WebSocket connection to 'ws://localhost:8787/api/companies/9a7cf1f3-02a7-4751-9cdb-671c9c68edb5/events/ws' failed: Error in connection establishment: net::ERR_CONNECTION_REFUSED @ http://localhost:8787/assets/index-D28lQfO3.js:508
[  855967ms] [ERROR] Failed to load resource: net::ERR_CONNECTION_REFUSED @ http://localhost:8787/api/companies/9a7cf1f3-02a7-4751-9cdb-671c9c68edb5/live-runs:0
[  859970ms] [ERROR] Failed to load resource: net::ERR_CONNECTION_REFUSED @ http://localhost:8787/api/companies/9a7cf1f3-02a7-4751-9cdb-671c9c68edb5/live-runs:0
[  867812ms] [ERROR] Failed to load resource: net::ERR_CONNECTION_REFUSED @ http://localhost:8787/api/companies/9a7cf1f3-02a7-4751-9cdb-671c9c68edb5/sidebar-badges:0
[  868814ms] [ERROR] Failed to load resource: net::ERR_CONNECTION_REFUSED @ http://localhost:8787/api/companies/9a7cf1f3-02a7-4751-9cdb-671c9c68edb5/sidebar-badges:0
[  869973ms] [ERROR] Failed to load resource: net::ERR_CONNECTION_REFUSED @ http://localhost:8787/api/companies/9a7cf1f3-02a7-4751-9cdb-671c9c68edb5/live-runs:0
[  870713ms] [ERROR] WebSocket connection to 'ws://localhost:8787/api/companies/9a7cf1f3-02a7-4751-9cdb-671c9c68edb5/events/ws' failed: Error in connection establishment: net::ERR_CONNECTION_REFUSED @ http://localhost:8787/assets/index-D28lQfO3.js:508
[  870816ms] [ERROR] Failed to load resource: net::ERR_CONNECTION_REFUSED @ http://localhost:8787/api/companies/9a7cf1f3-02a7-4751-9cdb-671c9c68edb5/sidebar-badges:0
[  870977ms] [ERROR] Failed to load resource: net::ERR_CONNECTION_REFUSED @ http://localhost:8787/api/companies/9a7cf1f3-02a7-4751-9cdb-671c9c68edb5/live-runs:0
[  872979ms] [ERROR] Failed to load resource: net::ERR_CONNECTION_REFUSED @ http://localhost:8787/api/companies/9a7cf1f3-02a7-4751-9cdb-671c9c68edb5/live-runs:0
[  874819ms] [ERROR] Failed to load resource: net::ERR_CONNECTION_REFUSED @ http://localhost:8787/api/companies/9a7cf1f3-02a7-4751-9cdb-671c9c68edb5/sidebar-badges:0
[  876982ms] [ERROR] Failed to load resource: net::ERR_CONNECTION_REFUSED @ http://localhost:8787/api/companies/9a7cf1f3-02a7-4751-9cdb-671c9c68edb5/live-runs:0
[  885716ms] [ERROR] WebSocket connection to 'ws://localhost:8787/api/companies/9a7cf1f3-02a7-4751-9cdb-671c9c68edb5/events/ws' failed: Error in connection establishment: net::ERR_CONNECTION_REFUSED @ http://localhost:8787/assets/index-D28lQfO3.js:508
[  886985ms] [ERROR] Failed to load resource: net::ERR_CONNECTION_REFUSED @ http://localhost:8787/api/companies/9a7cf1f3-02a7-4751-9cdb-671c9c68edb5/live-runs:0
[  887988ms] [ERROR] Failed to load resource: net::ERR_CONNECTION_REFUSED @ http://localhost:8787/api/companies/9a7cf1f3-02a7-4751-9cdb-671c9c68edb5/live-runs:0
[  889821ms] [ERROR] Failed to load resource: net::ERR_CONNECTION_REFUSED @ http://localhost:8787/api/companies/9a7cf1f3-02a7-4751-9cdb-671c9c68edb5/sidebar-badges:0
[  889990ms] [ERROR] Failed to load resource: net::ERR_CONNECTION_REFUSED @ http://localhost:8787/api/companies/9a7cf1f3-02a7-4751-9cdb-671c9c68edb5/live-runs:0
[  890824ms] [ERROR] Failed to load resource: net::ERR_CONNECTION_REFUSED @ http://localhost:8787/api/companies/9a7cf1f3-02a7-4751-9cdb-671c9c68edb5/sidebar-badges:0
[  892827ms] [ERROR] Failed to load resource: net::ERR_CONNECTION_REFUSED @ http://localhost:8787/api/companies/9a7cf1f3-02a7-4751-9cdb-671c9c68edb5/sidebar-badges:0
[  893993ms] [ERROR] Failed to load resource: net::ERR_CONNECTION_REFUSED @ http://localhost:8787/api/companies/9a7cf1f3-02a7-4751-9cdb-671c9c68edb5/live-runs:0
[  896830ms] [ERROR] Failed to load resource: net::ERR_CONNECTION_REFUSED @ http://localhost:8787/api/companies/9a7cf1f3-02a7-4751-9cdb-671c9c68edb5/sidebar-badges:0
[  900718ms] [ERROR] WebSocket connection to 'ws://localhost:8787/api/companies/9a7cf1f3-02a7-4751-9cdb-671c9c68edb5/events/ws' failed: Error in connection establishment: net::ERR_CONNECTION_REFUSED @ http://localhost:8787/assets/index-D28lQfO3.js:508
[  903996ms] [ERROR] Failed to load resource: net::ERR_CONNECTION_REFUSED @ http://localhost:8787/api/companies/9a7cf1f3-02a7-4751-9cdb-671c9c68edb5/live-runs:0
[  904999ms] [ERROR] Failed to load resource: net::ERR_CONNECTION_REFUSED @ http://localhost:8787/api/companies/9a7cf1f3-02a7-4751-9cdb-671c9c68edb5/live-runs:0
[  907002ms] [ERROR] Failed to load resource: net::ERR_CONNECTION_REFUSED @ http://localhost:8787/api/companies/9a7cf1f3-02a7-4751-9cdb-671c9c68edb5/live-runs:0
[  911004ms] [ERROR] Failed to load resource: net::ERR_CONNECTION_REFUSED @ http://localhost:8787/api/companies/9a7cf1f3-02a7-4751-9cdb-671c9c68edb5/live-runs:0
[  911833ms] [ERROR] Failed to load resource: net::ERR_CONNECTION_REFUSED @ http://localhost:8787/api/companies/9a7cf1f3-02a7-4751-9cdb-671c9c68edb5/sidebar-badges:0
[  912836ms] [ERROR] Failed to load resource: net::ERR_CONNECTION_REFUSED @ http://localhost:8787/api/companies/9a7cf1f3-02a7-4751-9cdb-671c9c68edb5/sidebar-badges:0
[  914838ms] [ERROR] Failed to load resource: net::ERR_CONNECTION_REFUSED @ http://localhost:8787/api/companies/9a7cf1f3-02a7-4751-9cdb-671c9c68edb5/sidebar-badges:0
[  915721ms] [ERROR] WebSocket connection to 'ws://localhost:8787/api/companies/9a7cf1f3-02a7-4751-9cdb-671c9c68edb5/events/ws' failed: Error in connection establishment: net::ERR_CONNECTION_REFUSED @ http://localhost:8787/assets/index-D28lQfO3.js:508
[  918841ms] [ERROR] Failed to load resource: net::ERR_CONNECTION_REFUSED @ http://localhost:8787/api/companies/9a7cf1f3-02a7-4751-9cdb-671c9c68edb5/sidebar-badges:0
[  921007ms] [ERROR] Failed to load resource: net::ERR_CONNECTION_REFUSED @ http://localhost:8787/api/companies/9a7cf1f3-02a7-4751-9cdb-671c9c68edb5/live-runs:0
[  922010ms] [ERROR] Failed to load resource: net::ERR_CONNECTION_REFUSED @ http://localhost:8787/api/companies/9a7cf1f3-02a7-4751-9cdb-671c9c68edb5/live-runs:0
[  924013ms] [ERROR] Failed to load resource: net::ERR_CONNECTION_REFUSED @ http://localhost:8787/api/companies/9a7cf1f3-02a7-4751-9cdb-671c9c68edb5/live-runs:0
[  928015ms] [ERROR] Failed to load resource: net::ERR_CONNECTION_REFUSED @ http://localhost:8787/api/companies/9a7cf1f3-02a7-4751-9cdb-671c9c68edb5/live-runs:0
[  930728ms] [ERROR] WebSocket connection to 'ws://localhost:8787/api/companies/9a7cf1f3-02a7-4751-9cdb-671c9c68edb5/events/ws' failed: Error in connection establishment: net::ERR_CONNECTION_REFUSED @ http://localhost:8787/assets/index-D28lQfO3.js:508
[  933844ms] [ERROR] Failed to load resource: net::ERR_CONNECTION_REFUSED @ http://localhost:8787/api/companies/9a7cf1f3-02a7-4751-9cdb-671c9c68edb5/sidebar-badges:0
[  934846ms] [ERROR] Failed to load resource: net::ERR_CONNECTION_REFUSED @ http://localhost:8787/api/companies/9a7cf1f3-02a7-4751-9cdb-671c9c68edb5/sidebar-badges:0
[  936850ms] [ERROR] Failed to load resource: net::ERR_CONNECTION_REFUSED @ http://localhost:8787/api/companies/9a7cf1f3-02a7-4751-9cdb-671c9c68edb5/sidebar-badges:0
[  938018ms] [ERROR] Failed to load resource: net::ERR_CONNECTION_REFUSED @ http://localhost:8787/api/companies/9a7cf1f3-02a7-4751-9cdb-671c9c68edb5/live-runs:0
[  939021ms] [ERROR] Failed to load resource: net::ERR_CONNECTION_REFUSED @ http://localhost:8787/api/companies/9a7cf1f3-02a7-4751-9cdb-671c9c68edb5/live-runs:0
[  940853ms] [ERROR] Failed to load resource: net::ERR_CONNECTION_REFUSED @ http://localhost:8787/api/companies/9a7cf1f3-02a7-4751-9cdb-671c9c68edb5/sidebar-badges:0
[  941024ms] [ERROR] Failed to load resource: net::ERR_CONNECTION_REFUSED @ http://localhost:8787/api/companies/9a7cf1f3-02a7-4751-9cdb-671c9c68edb5/live-runs:0
[  945027ms] [ERROR] Failed to load resource: net::ERR_CONNECTION_REFUSED @ http://localhost:8787/api/companies/9a7cf1f3-02a7-4751-9cdb-671c9c68edb5/live-runs:0
[  945735ms] [ERROR] WebSocket connection to 'ws://localhost:8787/api/companies/9a7cf1f3-02a7-4751-9cdb-671c9c68edb5/events/ws' failed: Error in connection establishment: net::ERR_CONNECTION_REFUSED @ http://localhost:8787/assets/index-D28lQfO3.js:508
[  955030ms] [ERROR] Failed to load resource: net::ERR_CONNECTION_REFUSED @ http://localhost:8787/api/companies/9a7cf1f3-02a7-4751-9cdb-671c9c68edb5/live-runs:0
[  955856ms] [ERROR] Failed to load resource: net::ERR_CONNECTION_REFUSED @ http://localhost:8787/api/companies/9a7cf1f3-02a7-4751-9cdb-671c9c68edb5/sidebar-badges:0
[  956033ms] [ERROR] Failed to load resource: net::ERR_CONNECTION_REFUSED @ http://localhost:8787/api/companies/9a7cf1f3-02a7-4751-9cdb-671c9c68edb5/live-runs:0
[  956858ms] [ERROR] Failed to load resource: net::ERR_CONNECTION_REFUSED @ http://localhost:8787/api/companies/9a7cf1f3-02a7-4751-9cdb-671c9c68edb5/sidebar-badges:0
[  958035ms] [ERROR] Failed to load resource: net::ERR_CONNECTION_REFUSED @ http://localhost:8787/api/companies/9a7cf1f3-02a7-4751-9cdb-671c9c68edb5/live-runs:0
[  958862ms] [ERROR] Failed to load resource: net::ERR_CONNECTION_REFUSED @ http://localhost:8787/api/companies/9a7cf1f3-02a7-4751-9cdb-671c9c68edb5/sidebar-badges:0
[  960743ms] [ERROR] WebSocket connection to 'ws://localhost:8787/api/companies/9a7cf1f3-02a7-4751-9cdb-671c9c68edb5/events/ws' failed: Error in connection establishment: net::ERR_CONNECTION_REFUSED @ http://localhost:8787/assets/index-D28lQfO3.js:508
[  962038ms] [ERROR] Failed to load resource: net::ERR_CONNECTION_REFUSED @ http://localhost:8787/api/companies/9a7cf1f3-02a7-4751-9cdb-671c9c68edb5/live-runs:0
[  962865ms] [ERROR] Failed to load resource: net::ERR_CONNECTION_REFUSED @ http://localhost:8787/api/companies/9a7cf1f3-02a7-4751-9cdb-671c9c68edb5/sidebar-badges:0
[  972041ms] [ERROR] Failed to load resource: net::ERR_CONNECTION_REFUSED @ http://localhost:8787/api/companies/9a7cf1f3-02a7-4751-9cdb-671c9c68edb5/live-runs:0
[  973045ms] [ERROR] Failed to load resource: net::ERR_CONNECTION_REFUSED @ http://localhost:8787/api/companies/9a7cf1f3-02a7-4751-9cdb-671c9c68edb5/live-runs:0
[  975048ms] [ERROR] Failed to load resource: net::ERR_CONNECTION_REFUSED @ http://localhost:8787/api/companies/9a7cf1f3-02a7-4751-9cdb-671c9c68edb5/live-runs:0
[  975746ms] [ERROR] WebSocket connection to 'ws://localhost:8787/api/companies/9a7cf1f3-02a7-4751-9cdb-671c9c68edb5/events/ws' failed: Error in connection establishment: net::ERR_CONNECTION_REFUSED @ http://localhost:8787/assets/index-D28lQfO3.js:508
[  977868ms] [ERROR] Failed to load resource: net::ERR_CONNECTION_REFUSED @ http://localhost:8787/api/companies/9a7cf1f3-02a7-4751-9cdb-671c9c68edb5/sidebar-badges:0
[  978871ms] [ERROR] Failed to load resource: net::ERR_CONNECTION_REFUSED @ http://localhost:8787/api/companies/9a7cf1f3-02a7-4751-9cdb-671c9c68edb5/sidebar-badges:0
[  979051ms] [ERROR] Failed to load resource: net::ERR_CONNECTION_REFUSED @ http://localhost:8787/api/companies/9a7cf1f3-02a7-4751-9cdb-671c9c68edb5/live-runs:0
[  980875ms] [ERROR] Failed to load resource: net::ERR_CONNECTION_REFUSED @ http://localhost:8787/api/companies/9a7cf1f3-02a7-4751-9cdb-671c9c68edb5/sidebar-badges:0
[  984877ms] [ERROR] Failed to load resource: net::ERR_CONNECTION_REFUSED @ http://localhost:8787/api/companies/9a7cf1f3-02a7-4751-9cdb-671c9c68edb5/sidebar-badges:0
[  989054ms] [ERROR] Failed to load resource: net::ERR_CONNECTION_REFUSED @ http://localhost:8787/api/companies/9a7cf1f3-02a7-4751-9cdb-671c9c68edb5/live-runs:0
[  990056ms] [ERROR] Failed to load resource: net::ERR_CONNECTION_REFUSED @ http://localhost:8787/api/companies/9a7cf1f3-02a7-4751-9cdb-671c9c68edb5/live-runs:0
[  990748ms] [ERROR] WebSocket connection to 'ws://localhost:8787/api/companies/9a7cf1f3-02a7-4751-9cdb-671c9c68edb5/events/ws' failed: Error in connection establishment: net::ERR_CONNECTION_REFUSED @ http://localhost:8787/assets/index-D28lQfO3.js:508
[  992059ms] [ERROR] Failed to load resource: net::ERR_CONNECTION_REFUSED @ http://localhost:8787/api/companies/9a7cf1f3-02a7-4751-9cdb-671c9c68edb5/live-runs:0
[  996062ms] [ERROR] Failed to load resource: net::ERR_CONNECTION_REFUSED @ http://localhost:8787/api/companies/9a7cf1f3-02a7-4751-9cdb-671c9c68edb5/live-runs:0
[  999881ms] [ERROR] Failed to load resource: net::ERR_CONNECTION_REFUSED @ http://localhost:8787/api/companies/9a7cf1f3-02a7-4751-9cdb-671c9c68edb5/sidebar-badges:0
[ 1000884ms] [ERROR] Failed to load resource: net::ERR_CONNECTION_REFUSED @ http://localhost:8787/api/companies/9a7cf1f3-02a7-4751-9cdb-671c9c68edb5/sidebar-badges:0
[ 1002887ms] [ERROR] Failed to load resource: net::ERR_CONNECTION_REFUSED @ http://localhost:8787/api/companies/9a7cf1f3-02a7-4751-9cdb-671c9c68edb5/sidebar-badges:0
[ 1005750ms] [ERROR] WebSocket connection to 'ws://localhost:8787/api/companies/9a7cf1f3-02a7-4751-9cdb-671c9c68edb5/events/ws' failed: Error in connection establishment: net::ERR_CONNECTION_REFUSED @ http://localhost:8787/assets/index-D28lQfO3.js:508
[ 1006064ms] [ERROR] Failed to load resource: net::ERR_CONNECTION_REFUSED @ http://localhost:8787/api/companies/9a7cf1f3-02a7-4751-9cdb-671c9c68edb5/live-runs:0
[ 1006890ms] [ERROR] Failed to load resource: net::ERR_CONNECTION_REFUSED @ http://localhost:8787/api/companies/9a7cf1f3-02a7-4751-9cdb-671c9c68edb5/sidebar-badges:0
[ 1007067ms] [ERROR] Failed to load resource: net::ERR_CONNECTION_REFUSED @ http://localhost:8787/api/companies/9a7cf1f3-02a7-4751-9cdb-671c9c68edb5/live-runs:0
[ 1009069ms] [ERROR] Failed to load resource: net::ERR_CONNECTION_REFUSED @ http://localhost:8787/api/companies/9a7cf1f3-02a7-4751-9cdb-671c9c68edb5/live-runs:0
[ 1013072ms] [ERROR] Failed to load resource: net::ERR_CONNECTION_REFUSED @ http://localhost:8787/api/companies/9a7cf1f3-02a7-4751-9cdb-671c9c68edb5/live-runs:0
[ 1020753ms] [ERROR] WebSocket connection to 'ws://localhost:8787/api/companies/9a7cf1f3-02a7-4751-9cdb-671c9c68edb5/events/ws' failed: Error in connection establishment: net::ERR_CONNECTION_REFUSED @ http://localhost:8787/assets/index-D28lQfO3.js:508
[ 1021893ms] [ERROR] Failed to load resource: net::ERR_CONNECTION_REFUSED @ http://localhost:8787/api/companies/9a7cf1f3-02a7-4751-9cdb-671c9c68edb5/sidebar-badges:0
[ 1022896ms] [ERROR] Failed to load resource: net::ERR_CONNECTION_REFUSED @ http://localhost:8787/api/companies/9a7cf1f3-02a7-4751-9cdb-671c9c68edb5/sidebar-badges:0
[ 1023075ms] [ERROR] Failed to load resource: net::ERR_CONNECTION_REFUSED @ http://localhost:8787/api/companies/9a7cf1f3-02a7-4751-9cdb-671c9c68edb5/live-runs:0
[ 1024078ms] [ERROR] Failed to load resource: net::ERR_CONNECTION_REFUSED @ http://localhost:8787/api/companies/9a7cf1f3-02a7-4751-9cdb-671c9c68edb5/live-runs:0
[ 1024899ms] [ERROR] Failed to load resource: net::ERR_CONNECTION_REFUSED @ http://localhost:8787/api/companies/9a7cf1f3-02a7-4751-9cdb-671c9c68edb5/sidebar-badges:0
[ 1026080ms] [ERROR] Failed to load resource: net::ERR_CONNECTION_REFUSED @ http://localhost:8787/api/companies/9a7cf1f3-02a7-4751-9cdb-671c9c68edb5/live-runs:0
[ 1028902ms] [ERROR] Failed to load resource: net::ERR_CONNECTION_REFUSED @ http://localhost:8787/api/companies/9a7cf1f3-02a7-4751-9cdb-671c9c68edb5/sidebar-badges:0
[ 1030084ms] [ERROR] Failed to load resource: net::ERR_CONNECTION_REFUSED @ http://localhost:8787/api/companies/9a7cf1f3-02a7-4751-9cdb-671c9c68edb5/live-runs:0
[ 1035757ms] [ERROR] WebSocket connection to 'ws://localhost:8787/api/companies/9a7cf1f3-02a7-4751-9cdb-671c9c68edb5/events/ws' failed: Error in connection establishment: net::ERR_CONNECTION_REFUSED @ http://localhost:8787/assets/index-D28lQfO3.js:508
[ 1040087ms] [ERROR] Failed to load resource: net::ERR_CONNECTION_REFUSED @ http://localhost:8787/api/companies/9a7cf1f3-02a7-4751-9cdb-671c9c68edb5/live-runs:0
[ 1041090ms] [ERROR] Failed to load resource: net::ERR_CONNECTION_REFUSED @ http://localhost:8787/api/companies/9a7cf1f3-02a7-4751-9cdb-671c9c68edb5/live-runs:0
[ 1043093ms] [ERROR] Failed to load resource: net::ERR_CONNECTION_REFUSED @ http://localhost:8787/api/companies/9a7cf1f3-02a7-4751-9cdb-671c9c68edb5/live-runs:0
[ 1043905ms] [ERROR] Failed to load resource: net::ERR_CONNECTION_REFUSED @ http://localhost:8787/api/companies/9a7cf1f3-02a7-4751-9cdb-671c9c68edb5/sidebar-badges:0
[ 1044908ms] [ERROR] Failed to load resource: net::ERR_CONNECTION_REFUSED @ http://localhost:8787/api/companies/9a7cf1f3-02a7-4751-9cdb-671c9c68edb5/sidebar-badges:0
[ 1046910ms] [ERROR] Failed to load resource: net::ERR_CONNECTION_REFUSED @ http://localhost:8787/api/companies/9a7cf1f3-02a7-4751-9cdb-671c9c68edb5/sidebar-badges:0
[ 1047096ms] [ERROR] Failed to load resource: net::ERR_CONNECTION_REFUSED @ http://localhost:8787/api/companies/9a7cf1f3-02a7-4751-9cdb-671c9c68edb5/live-runs:0
[ 1050763ms] [ERROR] WebSocket connection to 'ws://localhost:8787/api/companies/9a7cf1f3-02a7-4751-9cdb-671c9c68edb5/events/ws' failed: Error in connection establishment: net::ERR_CONNECTION_REFUSED @ http://localhost:8787/assets/index-D28lQfO3.js:508
[ 1050913ms] [ERROR] Failed to load resource: net::ERR_CONNECTION_REFUSED @ http://localhost:8787/api/companies/9a7cf1f3-02a7-4751-9cdb-671c9c68edb5/sidebar-badges:0
[ 1057100ms] [ERROR] Failed to load resource: net::ERR_CONNECTION_REFUSED @ http://localhost:8787/api/companies/9a7cf1f3-02a7-4751-9cdb-671c9c68edb5/live-runs:0
[ 1058104ms] [ERROR] Failed to load resource: net::ERR_CONNECTION_REFUSED @ http://localhost:8787/api/companies/9a7cf1f3-02a7-4751-9cdb-671c9c68edb5/live-runs:0
[ 1060106ms] [ERROR] Failed to load resource: net::ERR_CONNECTION_REFUSED @ http://localhost:8787/api/companies/9a7cf1f3-02a7-4751-9cdb-671c9c68edb5/live-runs:0
[ 1064109ms] [ERROR] Failed to load resource: net::ERR_CONNECTION_REFUSED @ http://localhost:8787/api/companies/9a7cf1f3-02a7-4751-9cdb-671c9c68edb5/live-runs:0
[ 1065768ms] [ERROR] WebSocket connection to 'ws://localhost:8787/api/companies/9a7cf1f3-02a7-4751-9cdb-671c9c68edb5/events/ws' failed: Error in connection establishment: net::ERR_CONNECTION_REFUSED @ http://localhost:8787/assets/index-D28lQfO3.js:508
[ 1065916ms] [ERROR] Failed to load resource: net::ERR_CONNECTION_REFUSED @ http://localhost:8787/api/companies/9a7cf1f3-02a7-4751-9cdb-671c9c68edb5/sidebar-badges:0
[ 1066919ms] [ERROR] Failed to load resource: net::ERR_CONNECTION_REFUSED @ http://localhost:8787/api/companies/9a7cf1f3-02a7-4751-9cdb-671c9c68edb5/sidebar-badges:0
[ 1068922ms] [ERROR] Failed to load resource: net::ERR_CONNECTION_REFUSED @ http://localhost:8787/api/companies/9a7cf1f3-02a7-4751-9cdb-671c9c68edb5/sidebar-badges:0
[ 1072924ms] [ERROR] Failed to load resource: net::ERR_CONNECTION_REFUSED @ http://localhost:8787/api/companies/9a7cf1f3-02a7-4751-9cdb-671c9c68edb5/sidebar-badges:0
[ 1074113ms] [ERROR] Failed to load resource: net::ERR_CONNECTION_REFUSED @ http://localhost:8787/api/companies/9a7cf1f3-02a7-4751-9cdb-671c9c68edb5/live-runs:0
[ 1075116ms] [ERROR] Failed to load resource: net::ERR_CONNECTION_REFUSED @ http://localhost:8787/api/companies/9a7cf1f3-02a7-4751-9cdb-671c9c68edb5/live-runs:0
[ 1077118ms] [ERROR] Failed to load resource: net::ERR_CONNECTION_REFUSED @ http://localhost:8787/api/companies/9a7cf1f3-02a7-4751-9cdb-671c9c68edb5/live-runs:0
[ 1080779ms] [ERROR] WebSocket connection to 'ws://localhost:8787/api/companies/9a7cf1f3-02a7-4751-9cdb-671c9c68edb5/events/ws' failed: Error in connection establishment: net::ERR_CONNECTION_REFUSED @ http://localhost:8787/assets/index-D28lQfO3.js:508
[ 1081121ms] [ERROR] Failed to load resource: net::ERR_CONNECTION_REFUSED @ http://localhost:8787/api/companies/9a7cf1f3-02a7-4751-9cdb-671c9c68edb5/live-runs:0
[ 1087926ms] [ERROR] Failed to load resource: net::ERR_CONNECTION_REFUSED @ http://localhost:8787/api/companies/9a7cf1f3-02a7-4751-9cdb-671c9c68edb5/sidebar-badges:0
[ 1088929ms] [ERROR] Failed to load resource: net::ERR_CONNECTION_REFUSED @ http://localhost:8787/api/companies/9a7cf1f3-02a7-4751-9cdb-671c9c68edb5/sidebar-badges:0
[ 1090931ms] [ERROR] Failed to load resource: net::ERR_CONNECTION_REFUSED @ http://localhost:8787/api/companies/9a7cf1f3-02a7-4751-9cdb-671c9c68edb5/sidebar-badges:0
[ 1091124ms] [ERROR] Failed to load resource: net::ERR_CONNECTION_REFUSED @ http://localhost:8787/api/companies/9a7cf1f3-02a7-4751-9cdb-671c9c68edb5/live-runs:0
[ 1092127ms] [ERROR] Failed to load resource: net::ERR_CONNECTION_REFUSED @ http://localhost:8787/api/companies/9a7cf1f3-02a7-4751-9cdb-671c9c68edb5/live-runs:0
[ 1094130ms] [ERROR] Failed to load resource: net::ERR_CONNECTION_REFUSED @ http://localhost:8787/api/companies/9a7cf1f3-02a7-4751-9cdb-671c9c68edb5/live-runs:0
[ 1094934ms] [ERROR] Failed to load resource: net::ERR_CONNECTION_REFUSED @ http://localhost:8787/api/companies/9a7cf1f3-02a7-4751-9cdb-671c9c68edb5/sidebar-badges:0
[ 1095781ms] [ERROR] WebSocket connection to 'ws://localhost:8787/api/companies/9a7cf1f3-02a7-4751-9cdb-671c9c68edb5/events/ws' failed: Error in connection establishment: net::ERR_CONNECTION_REFUSED @ http://localhost:8787/assets/index-D28lQfO3.js:508
[ 1098139ms] [ERROR] Failed to load resource: net::ERR_CONNECTION_REFUSED @ http://localhost:8787/api/companies/9a7cf1f3-02a7-4751-9cdb-671c9c68edb5/live-runs:0
[ 1108142ms] [ERROR] Failed to load resource: net::ERR_CONNECTION_REFUSED @ http://localhost:8787/api/companies/9a7cf1f3-02a7-4751-9cdb-671c9c68edb5/live-runs:0
[ 1109144ms] [ERROR] Failed to load resource: net::ERR_CONNECTION_REFUSED @ http://localhost:8787/api/companies/9a7cf1f3-02a7-4751-9cdb-671c9c68edb5/live-runs:0
[ 1109937ms] [ERROR] Failed to load resource: net::ERR_CONNECTION_REFUSED @ http://localhost:8787/api/companies/9a7cf1f3-02a7-4751-9cdb-671c9c68edb5/sidebar-badges:0
[ 1110783ms] [ERROR] WebSocket connection to 'ws://localhost:8787/api/companies/9a7cf1f3-02a7-4751-9cdb-671c9c68edb5/events/ws' failed: Error in connection establishment: net::ERR_CONNECTION_REFUSED @ http://localhost:8787/assets/index-D28lQfO3.js:508
[ 1110941ms] [ERROR] Failed to load resource: net::ERR_CONNECTION_REFUSED @ http://localhost:8787/api/companies/9a7cf1f3-02a7-4751-9cdb-671c9c68edb5/sidebar-badges:0
[ 1111148ms] [ERROR] Failed to load resource: net::ERR_CONNECTION_REFUSED @ http://localhost:8787/api/companies/9a7cf1f3-02a7-4751-9cdb-671c9c68edb5/live-runs:0
[ 1112944ms] [ERROR] Failed to load resource: net::ERR_CONNECTION_REFUSED @ http://localhost:8787/api/companies/9a7cf1f3-02a7-4751-9cdb-671c9c68edb5/sidebar-badges:0
[ 1115150ms] [ERROR] Failed to load resource: net::ERR_CONNECTION_REFUSED @ http://localhost:8787/api/companies/9a7cf1f3-02a7-4751-9cdb-671c9c68edb5/live-runs:0
[ 1116947ms] [ERROR] Failed to load resource: net::ERR_CONNECTION_REFUSED @ http://localhost:8787/api/companies/9a7cf1f3-02a7-4751-9cdb-671c9c68edb5/sidebar-badges:0
[ 1125154ms] [ERROR] Failed to load resource: net::ERR_CONNECTION_REFUSED @ http://localhost:8787/api/companies/9a7cf1f3-02a7-4751-9cdb-671c9c68edb5/live-runs:0
[ 1125786ms] [ERROR] WebSocket connection to 'ws://localhost:8787/api/companies/9a7cf1f3-02a7-4751-9cdb-671c9c68edb5/events/ws' failed: Error in connection establishment: net::ERR_CONNECTION_REFUSED @ http://localhost:8787/assets/index-D28lQfO3.js:508
[ 1126157ms] [ERROR] Failed to load resource: net::ERR_CONNECTION_REFUSED @ http://localhost:8787/api/companies/9a7cf1f3-02a7-4751-9cdb-671c9c68edb5/live-runs:0
[ 1128160ms] [ERROR] Failed to load resource: net::ERR_CONNECTION_REFUSED @ http://localhost:8787/api/companies/9a7cf1f3-02a7-4751-9cdb-671c9c68edb5/live-runs:0
[ 1131950ms] [ERROR] Failed to load resource: net::ERR_CONNECTION_REFUSED @ http://localhost:8787/api/companies/9a7cf1f3-02a7-4751-9cdb-671c9c68edb5/sidebar-badges:0
[ 1132163ms] [ERROR] Failed to load resource: net::ERR_CONNECTION_REFUSED @ http://localhost:8787/api/companies/9a7cf1f3-02a7-4751-9cdb-671c9c68edb5/live-runs:0
[ 1132954ms] [ERROR] Failed to load resource: net::ERR_CONNECTION_REFUSED @ http://localhost:8787/api/companies/9a7cf1f3-02a7-4751-9cdb-671c9c68edb5/sidebar-badges:0
[ 1134956ms] [ERROR] Failed to load resource: net::ERR_CONNECTION_REFUSED @ http://localhost:8787/api/companies/9a7cf1f3-02a7-4751-9cdb-671c9c68edb5/sidebar-badges:0
[ 1138959ms] [ERROR] Failed to load resource: net::ERR_CONNECTION_REFUSED @ http://localhost:8787/api/companies/9a7cf1f3-02a7-4751-9cdb-671c9c68edb5/sidebar-badges:0
[ 1140788ms] [ERROR] WebSocket connection to 'ws://localhost:8787/api/companies/9a7cf1f3-02a7-4751-9cdb-671c9c68edb5/events/ws' failed: Error in connection establishment: net::ERR_CONNECTION_REFUSED @ http://localhost:8787/assets/index-D28lQfO3.js:508
[ 1142166ms] [ERROR] Failed to load resource: net::ERR_CONNECTION_REFUSED @ http://localhost:8787/api/companies/9a7cf1f3-02a7-4751-9cdb-671c9c68edb5/live-runs:0
[ 1143168ms] [ERROR] Failed to load resource: net::ERR_CONNECTION_REFUSED @ http://localhost:8787/api/companies/9a7cf1f3-02a7-4751-9cdb-671c9c68edb5/live-runs:0
[ 1145171ms] [ERROR] Failed to load resource: net::ERR_CONNECTION_REFUSED @ http://localhost:8787/api/companies/9a7cf1f3-02a7-4751-9cdb-671c9c68edb5/live-runs:0
[ 1149174ms] [ERROR] Failed to load resource: net::ERR_CONNECTION_REFUSED @ http://localhost:8787/api/companies/9a7cf1f3-02a7-4751-9cdb-671c9c68edb5/live-runs:0
[ 1153962ms] [ERROR] Failed to load resource: net::ERR_CONNECTION_REFUSED @ http://localhost:8787/api/companies/9a7cf1f3-02a7-4751-9cdb-671c9c68edb5/sidebar-badges:0
[ 1154965ms] [ERROR] Failed to load resource: net::ERR_CONNECTION_REFUSED @ http://localhost:8787/api/companies/9a7cf1f3-02a7-4751-9cdb-671c9c68edb5/sidebar-badges:0
[ 1155791ms] [ERROR] WebSocket connection to 'ws://localhost:8787/api/companies/9a7cf1f3-02a7-4751-9cdb-671c9c68edb5/events/ws' failed: Error in connection establishment: net::ERR_CONNECTION_REFUSED @ http://localhost:8787/assets/index-D28lQfO3.js:508
[ 1156968ms] [ERROR] Failed to load resource: net::ERR_CONNECTION_REFUSED @ http://localhost:8787/api/companies/9a7cf1f3-02a7-4751-9cdb-671c9c68edb5/sidebar-badges:0
[ 1159176ms] [ERROR] Failed to load resource: net::ERR_CONNECTION_REFUSED @ http://localhost:8787/api/companies/9a7cf1f3-02a7-4751-9cdb-671c9c68edb5/live-runs:0
[ 1160179ms] [ERROR] Failed to load resource: net::ERR_CONNECTION_REFUSED @ http://localhost:8787/api/companies/9a7cf1f3-02a7-4751-9cdb-671c9c68edb5/live-runs:0
[ 1160971ms] [ERROR] Failed to load resource: net::ERR_CONNECTION_REFUSED @ http://localhost:8787/api/companies/9a7cf1f3-02a7-4751-9cdb-671c9c68edb5/sidebar-badges:0
[ 1162182ms] [ERROR] Failed to load resource: net::ERR_CONNECTION_REFUSED @ http://localhost:8787/api/companies/9a7cf1f3-02a7-4751-9cdb-671c9c68edb5/live-runs:0
[ 1166185ms] [ERROR] Failed to load resource: net::ERR_CONNECTION_REFUSED @ http://localhost:8787/api/companies/9a7cf1f3-02a7-4751-9cdb-671c9c68edb5/live-runs:0
[ 1170795ms] [ERROR] WebSocket connection to 'ws://localhost:8787/api/companies/9a7cf1f3-02a7-4751-9cdb-671c9c68edb5/events/ws' failed: Error in connection establishment: net::ERR_CONNECTION_REFUSED @ http://localhost:8787/assets/index-D28lQfO3.js:508
[ 1175975ms] [ERROR] Failed to load resource: net::ERR_CONNECTION_REFUSED @ http://localhost:8787/api/companies/9a7cf1f3-02a7-4751-9cdb-671c9c68edb5/sidebar-badges:0
[ 1176188ms] [ERROR] Failed to load resource: net::ERR_CONNECTION_REFUSED @ http://localhost:8787/api/companies/9a7cf1f3-02a7-4751-9cdb-671c9c68edb5/live-runs:0
[ 1176977ms] [ERROR] Failed to load resource: net::ERR_CONNECTION_REFUSED @ http://localhost:8787/api/companies/9a7cf1f3-02a7-4751-9cdb-671c9c68edb5/sidebar-badges:0
[ 1177190ms] [ERROR] Failed to load resource: net::ERR_CONNECTION_REFUSED @ http://localhost:8787/api/companies/9a7cf1f3-02a7-4751-9cdb-671c9c68edb5/live-runs:0
[ 1178980ms] [ERROR] Failed to load resource: net::ERR_CONNECTION_REFUSED @ http://localhost:8787/api/companies/9a7cf1f3-02a7-4751-9cdb-671c9c68edb5/sidebar-badges:0
[ 1179193ms] [ERROR] Failed to load resource: net::ERR_CONNECTION_REFUSED @ http://localhost:8787/api/companies/9a7cf1f3-02a7-4751-9cdb-671c9c68edb5/live-runs:0
